Archive member included to satisfy reference by file (symbol)

c:/devkitPro/libctru/lib\libsf2d.a(sf2d.o)
                              main.o (sf2d_fini)
c:/devkitPro/libctru/lib\libsf2d.a(sf2d_texture.o)
                              c:/devkitPro/libctru/lib\libsf2d.a(sf2d.o) (sf2d_create_rendertarget)
c:/devkitPro/libctru/lib\libsf2d.a(shader.shbin.o)
                              c:/devkitPro/libctru/lib\libsf2d.a(sf2d.o) (shader_shbin_size)
c:/devkitPro/libctru/lib\libcitro3d.a(attribs.o)
                              c:/devkitPro/libctru/lib\libsf2d.a(sf2d_texture.o) (AttrInfo_Init)
c:/devkitPro/libctru/lib\libcitro3d.a(base.o)
                              c:/devkitPro/libctru/lib\libcitro3d.a(attribs.o) (__C3D_Context)
c:/devkitPro/libctru/lib\libcitro3d.a(buffers.o)
                              c:/devkitPro/libctru/lib\libsf2d.a(sf2d_texture.o) (BufInfo_Init)
c:/devkitPro/libctru/lib\libcitro3d.a(drawArrays.o)
                              c:/devkitPro/libctru/lib\libsf2d.a(sf2d_texture.o) (C3D_DrawArrays)
c:/devkitPro/libctru/lib\libcitro3d.a(effect.o)
                              c:/devkitPro/libctru/lib\libcitro3d.a(base.o) (C3D_DepthMap)
c:/devkitPro/libctru/lib\libcitro3d.a(immediate.o)
                              c:/devkitPro/libctru/lib\libcitro3d.a(base.o) (C3D_ImmSendAttrib)
c:/devkitPro/libctru/lib\libcitro3d.a(renderbuffer.o)
                              c:/devkitPro/libctru/lib\libcitro3d.a(base.o) (C3Di_RenderBufBind)
c:/devkitPro/libctru/lib\libcitro3d.a(renderqueue.o)
                              c:/devkitPro/libctru/lib\libsf2d.a(sf2d.o) (C3D_FrameBegin)
c:/devkitPro/libctru/lib\libcitro3d.a(texenv.o)
                              c:/devkitPro/libctru/lib\libcitro3d.a(base.o) (TexEnv_Init)
c:/devkitPro/libctru/lib\libcitro3d.a(texture.o)
                              c:/devkitPro/libctru/lib\libsf2d.a(sf2d_texture.o) (C3D_TexInit)
c:/devkitPro/libctru/lib\libcitro3d.a(uniforms.o)
                              c:/devkitPro/libctru/lib\libcitro3d.a(base.o) (C3D_UpdateUniforms)
c:/devkitPro/libctru/lib\libcitro3d.a(mtx_orthotilt.o)
                              c:/devkitPro/libctru/lib\libsf2d.a(sf2d_texture.o) (Mtx_OrthoTilt)
c:/devkitPro/libctru/lib\libcitro3d.a(mtx_identity.o)
                              c:/devkitPro/libctru/lib\libcitro3d.a(mtx_orthotilt.o) (Mtx_Identity)
c:/devkitPro/libctru/lib\libcitro3d.a(mtx_multiply.o)
                              c:/devkitPro/libctru/lib\libcitro3d.a(mtx_orthotilt.o) (Mtx_Multiply)
c:/devkitPro/libctru/lib\libctru.a(linear.o)
                              c:/devkitPro/libctru/lib\libsf2d.a(sf2d.o) (linearAlloc)
c:/devkitPro/libctru/lib\libctru.a(mem_pool.o)
                              c:/devkitPro/libctru/lib\libctru.a(linear.o) (MemPool::Allocate(MemChunk&, unsigned long, int))
c:/devkitPro/libctru/lib\libctru.a(vram.o)
                              c:/devkitPro/libctru/lib\libcitro3d.a(texture.o) (vramAlloc)
c:/devkitPro/libctru/lib\libctru.a(gfx.o)
                              c:/devkitPro/libctru/lib\libsf2d.a(sf2d.o) (gfxSet3D)
c:/devkitPro/libctru/lib\libctru.a(os.o)
                              c:/devkitPro/libctru/lib\libcitro3d.a(base.o) (osConvertVirtToPhys)
c:/devkitPro/libctru/lib\libctru.a(gpu.o)
                              c:/devkitPro/libctru/lib\libcitro3d.a(base.o) (GPUCMD_SetBuffer)
c:/devkitPro/libctru/lib\libctru.a(gx.o)
                              c:/devkitPro/libctru/lib\libctru.a(gfx.o) (gxCmdBuf)
c:/devkitPro/libctru/lib\libctru.a(shaderProgram.o)
                              c:/devkitPro/libctru/lib\libsf2d.a(sf2d.o) (shaderInstanceGetUniformLocation)
c:/devkitPro/libctru/lib\libctru.a(shbin.o)
                              c:/devkitPro/libctru/lib\libsf2d.a(sf2d.o) (DVLB_Free)
c:/devkitPro/libctru/lib\libctru.a(apt.o)
                              c:/devkitPro/libctru/lib\libcitro3d.a(base.o) (aptHook)
c:/devkitPro/libctru/lib\libctru.a(gspgpu.o)
                              c:/devkitPro/libctru/lib\libctru.a(gfx.o) (gspInit)
c:/devkitPro/libctru/lib\libctru.a(hid.o)
                              main.o (hidExit)
c:/devkitPro/libctru/lib\libctru.a(irrst.o)
                              c:/devkitPro/libctru/lib\libctru.a(hid.o) (irrstScanInput)
c:/devkitPro/libctru/lib\libctru.a(ptmsysm.o)
                              c:/devkitPro/libctru/lib\libctru.a(os.o) (ptmSysmInit)
c:/devkitPro/libctru/lib\libctru.a(rbtree_find.o)
                              c:/devkitPro/libctru/lib\libctru.a(linear.o) (rbtree_find)
c:/devkitPro/libctru/lib\libctru.a(rbtree_init.o)
                              c:/devkitPro/libctru/lib\libctru.a(linear.o) (rbtree_init)
c:/devkitPro/libctru/lib\libctru.a(rbtree_insert.o)
                              c:/devkitPro/libctru/lib\libctru.a(linear.o) (rbtree_insert)
c:/devkitPro/libctru/lib\libctru.a(rbtree_remove.o)
                              c:/devkitPro/libctru/lib\libctru.a(linear.o) (rbtree_remove)
c:/devkitPro/libctru/lib\libctru.a(rbtree_rotate.o)
[...]
Memory Configuration

Name             Origin             Length             Attributes
*default*        0x00000000         0xffffffff

Linker script and memory map

                0x00100000                . = 0x100000
                0x00100000                __start__ = .

.text           0x00100000     0xdae8
 *(.crt0)
 .crt0          0x00100000       0x94 c:/devkitpro/devkitarm/bin/../lib/gcc/arm-none-eabi/5.3.0/../../../../arm-none-eabi/lib/armv6k/fpu/3dsx_crt0.o
                0x00100000                _start
                0x00100008                __service_ptr
                0x0010000c                __apt_appid
                0x00100010                __heap_size
                0x00100014                __linear_heap_size
                0x00100018                __system_arglist
                0x0010001c                __system_runflags
 *(.init)
 .init          0x00100094        0xc c:/devkitpro/devkitarm/bin/../lib/gcc/arm-none-eabi/5.3.0/armv6k/fpu/crti.o
                0x00100094                _init
 .init          0x001000a0        0xc c:/devkitpro/devkitarm/bin/../lib/gcc/arm-none-eabi/5.3.0/armv6k/fpu/crtn.o
                0x001000ac                . = ALIGN (0x4)
 *(.text)
 .text          0x001000ac      0x108 c:/devkitpro/devkitarm/bin/../lib/gcc/arm-none-eabi/5.3.0/armv6k/fpu/crtbegin.o
 *fill*         0x001001b4        0x4 
 .text          0x001001b8      0x288 ball.o
                0x001001b8                Ball_init
                0x0010020c                Ball_render
                0x00100218                Ball_process_game
                0x0010026c                Ball_process_title
                0x00100270                Ball_check_hit_screen_top_bottom
                0x00100288                Ball_check_hit_screen_left
                0x0010029c                Ball_check_hit_screen_right
                0x001002b0                Ball_check_hit_image_left_right
                0x001002b8                Ball_check_hit_image_top_bottom
                0x001002c0                Ball_Check_Collide
 .text          0x00100440       0xe4 button.o
                0x00100440                Button_Init
                0x00100460                Button_Check_Press
                0x001004d4                Button_Action_1_Player
                0x001004e8                Button_Action_2_Players
                0x001004fc                Button_Action_Menu
                0x00100510                Button_Action_Quit
 .text          0x00100524      0x2e0 menu.o
                0x00100524                Menu_Init
                0x00100678                Menu_Process_Upper_Screen
                0x001006b4                Menu_Render_Upper_Screen
                0x001006c4                Menu_Render_Lower_Screen
                0x00100728                Menu_Process_Lower_Screen
                0x00100800                Menu_Free
 .text          0x00100804       0xec paddle.o
                0x00100804                paddle_init
                0x00100868                paddle_process
                0x001008dc                paddle_check_on_screen
 .text          0x001008f0      0x1b8 two_player_mode.o
                0x001008f0                Two_Init
                0x001009c0                Two_Process_Lower_Screen
                0x00100a10                Two_Render_Upper_Screen
                0x00100a40                Two_Process_Upper_Screen
                0x00100a98                Two_Render_Lower_Screen
 .text          0x00100aa8       0x64 c:/devkitPro/libctru/lib\libctru.a(stack_adjust.o)
                0x00100aa8                initSystem
                0x00100aec                __ctru_exit
 .text          0x00100b0c      0x250 c:/devkitpro/devkitarm/bin/../lib/gcc/arm-none-eabi/5.3.0/armv6k/fpu\libgcc.a(_arm_addsubsf3.o)
                0x00100b0c                __aeabi_frsub
                0x00100b14                __subsf3
                0x00100b14                __aeabi_fsub
                0x00100b18                __aeabi_fadd
                0x00100b18                __addsf3
                0x00100ca8                __aeabi_ui2f
                0x00100ca8                __floatunsisf
                0x00100cb0                __aeabi_i2f
                0x00100cb0                __floatsisf
                0x00100cd0                __aeabi_ul2f
                0x00100cd0                __floatundisf
                0x00100ce0                __aeabi_l2f
                0x00100ce0                __floatdisf
 .text          0x00100d5c        0x4 c:/devkitpro/devkitarm/bin/../lib/gcc/arm-none-eabi/5.3.0/armv6k/fpu\libgcc.a(_dvmd_tls.o)
                0x00100d5c                __aeabi_idiv0
                0x00100d5c                __aeabi_ldiv0
 .text          0x00100d60      0x3a0 c:/devkitpro/devkitarm/bin/../lib/gcc/arm-none-eabi/5.3.0/../../../../arm-none-eabi/lib/armv6k/fpu\libg.a(lib_a-strcmp.o)
                0x00100d68                strcmp
 .text          0x00101100      0x1c4 c:/devkitpro/devkitarm/bin/../lib/gcc/arm-none-eabi/5.3.0/../../../../arm-none-eabi/lib/armv6k/fpu\libsysbase.a(iosupport.o)
                0x00101108                setDefaultDevice
                0x00101120                FindDevice
                0x001011dc                RemoveDevice
                0x00101208                AddDevice
                0x001012a0                GetDeviceOpTab
 .text          0x001012c4       0x70 c:/devkitpro/devkitarm/bin/../lib/gcc/arm-none-eabi/5.3.0/../../../../arm-none-eabi/lib/armv6k/fpu\libsysbase.a(sbrk.o)
                0x001012c4                _sbrk_r
 .text          0x00101334      0x3b0 c:/devkitpro/devkitarm/bin/../lib/gcc/arm-none-eabi/5.3.0/../../../../arm-none-eabi/lib/armv6k/fpu\libsysbase.a(chdir.o)
                0x00101334                _concatenate_path
                0x001014f0                chdir
                0x00101644                getcwd
 .text          0x001016e4      0x108 c:/devkitpro/devkitarm/bin/../lib/gcc/arm-none-eabi/5.3.0/../../../../arm-none-eabi/lib/armv6k/fpu\libsysbase.a(syscall_support.o)
                0x001016e4                __libc_lock_init
                0x001016fc                __libc_lock_acquire
                0x00101714                __libc_lock_try_acquire
                0x00101738                __libc_lock_release
                0x00101750                __libc_lock_close
                0x00101768                __libc_lock_init_recursive
                0x00101780                __libc_lock_acquire_recursive
                0x00101798                __libc_lock_try_acquire_recursive
                0x001017bc                __libc_lock_release_recursive
                0x001017d4                __libc_lock_close_recursive
 .text          0x001017ec       0x28 c:/devkitpro/devkitarm/bin/../lib/gcc/arm-none-eabi/5.3.0/../../../../arm-none-eabi/lib/armv6k/fpu\libsysbase.a(getreent.o)
                0x001017ec                __getreent
 .text          0x00101814      0x20c c:/devkitpro/devkitarm/bin/../lib/gcc/arm-none-eabi/5.3.0/armv6k/fpu\libgcc.a(_udivsi3.o)
                0x00101814                __aeabi_uidiv
                0x00101814                __udivsi3
                0x00101a00                __aeabi_uidivmod
 *(.text.*)
 .text.startup  0x00101a20      0x110 main.o
                0x00101a20                main
 .text.sf2d_fini
                0x00101b30       0x48 c:/devkitPro/libctru/lib\libsf2d.a(sf2d.o)
                0x00101b30                sf2d_fini
 .text.sf2d_start_frame_target
                0x00101b78       0x9c c:/devkitPro/libctru/lib\libsf2d.a(sf2d.o)
                0x00101b78                sf2d_start_frame_target
 .text.sf2d_start_frame
                0x00101c14       0x38 c:/devkitPro/libctru/lib\libsf2d.a(sf2d.o)
                0x00101c14                sf2d_start_frame
 .text.sf2d_end_frame
                0x00101c4c        0x4 c:/devkitPro/libctru/lib\libsf2d.a(sf2d.o)
                0x00101c4c                sf2d_end_frame
 .text.sf2d_swapbuffers
                0x00101c50       0xb0 c:/devkitPro/libctru/lib\libsf2d.a(sf2d.o)
                0x00101c50                sf2d_swapbuffers
 .text.sf2d_pool_memalign
                0x00101d00       0x40 c:/devkitPro/libctru/lib\libsf2d.a(sf2d.o)
                0x00101d00                sf2d_pool_memalign
 .text.sf2d_set_clear_color
                0x00101d40       0x38 c:/devkitPro/libctru/lib\libsf2d.a(sf2d.o)
                0x00101d40                sf2d_set_clear_color
 .text.sf2d_init_advanced.part.0
                0x00101d78      0x1ac c:/devkitPro/libctru/lib\libsf2d.a(sf2d.o)
 .text.sf2d_init
                0x00101f24       0x28 c:/devkitPro/libctru/lib\libsf2d.a(sf2d.o)
                0x00101f24                sf2d_init
 .text.sf2d_texture_tile32_hardware.part.7
                0x00101f4c       0x70 c:/devkitPro/libctru/lib\libsf2d.a(sf2d_texture.o)
 .text.sf2d_create_texture
                0x00101fbc      0x114 c:/devkitPro/libctru/lib\libsf2d.a(sf2d_texture.o)
                0x00101fbc                sf2d_create_texture
 .text.sf2d_create_rendertarget
                0x001020d0       0x98 c:/devkitPro/libctru/lib\libsf2d.a(sf2d_texture.o)
                0x001020d0                sf2d_create_rendertarget
 .text.sf2d_clear_target
                0x00102168       0x14 c:/devkitPro/libctru/lib\libsf2d.a(sf2d_texture.o)
                0x00102168                sf2d_clear_target
 .text.sf2d_fill_texture_from_RGBA8
                0x0010217c       0xac c:/devkitPro/libctru/lib\libsf2d.a(sf2d_texture.o)
                0x0010217c                sf2d_fill_texture_from_RGBA8
 .text.sf2d_create_texture_mem_RGBA8
                0x00102228       0x44 c:/devkitPro/libctru/lib\libsf2d.a(sf2d_texture.o)
                0x00102228                sf2d_create_texture_mem_RGBA8
 .text.sf2d_bind_texture
                0x0010226c       0x54 c:/devkitPro/libctru/lib\libsf2d.a(sf2d_texture.o)
                0x0010226c                sf2d_bind_texture
 .text.sf2d_draw_texture
                0x001022c0      0x160 c:/devkitPro/libctru/lib\libsf2d.a(sf2d_texture.o)
                0x001022c0                sf2d_draw_texture
 .text.AttrInfo_Init
                0x00102420       0x28 c:/devkitPro/libctru/lib\libcitro3d.a(attribs.o)
                0x00102420                AttrInfo_Init
 .text.AttrInfo_AddLoader
                0x00102448       0xa4 c:/devkitPro/libctru/lib\libcitro3d.a(attribs.o)
                0x00102448                AttrInfo_AddLoader
 .text.C3D_GetAttrInfo
                0x001024ec       0x24 c:/devkitPro/libctru/lib\libcitro3d.a(attribs.o)
                0x001024ec                C3D_GetAttrInfo
 .text.C3Di_AttrInfoBind
                0x00102510       0x80 c:/devkitPro/libctru/lib\libcitro3d.a(attribs.o)
                0x00102510                C3Di_AttrInfoBind
 .text.C3Di_AptEventHook
                0x00102590       0x88 c:/devkitPro/libctru/lib\libcitro3d.a(base.o)
 .text.C3D_Init
                0x00102618      0x168 c:/devkitPro/libctru/lib\libcitro3d.a(base.o)
                0x00102618                C3D_Init
 .text.C3D_SetViewport
                0x00102780       0x98 c:/devkitPro/libctru/lib\libcitro3d.a(base.o)
                0x00102780                C3D_SetViewport
 .text.C3Di_UpdateContext
                0x00102818      0x580 c:/devkitPro/libctru/lib\libcitro3d.a(base.o)
                0x00102818                C3Di_UpdateContext
 .text.C3Di_FinalizeFrame
                0x00102d98       0xe0 c:/devkitPro/libctru/lib\libcitro3d.a(base.o)
                0x00102d98                C3Di_FinalizeFrame
 .text.C3D_Fini
                0x00102e78       0x48 c:/devkitPro/libctru/lib\libcitro3d.a(base.o)
                0x00102e78                C3D_Fini
 .text.C3D_BindProgram
                0x00102ec0       0xd4 c:/devkitPro/libctru/lib\libcitro3d.a(base.o)
                0x00102ec0                C3D_BindProgram
 .text.BufInfo_Init
                0x00102f94       0x20 c:/devkitPro/libctru/lib\libcitro3d.a(buffers.o)
                0x00102f94                BufInfo_Init
 .text.BufInfo_Add
                0x00102fb4       0x84 c:/devkitPro/libctru/lib\libcitro3d.a(buffers.o)
                0x00102fb4                BufInfo_Add
 .text.C3D_GetBufInfo
                0x00103038       0x24 c:/devkitPro/libctru/lib\libcitro3d.a(buffers.o)
                0x00103038                C3D_GetBufInfo
 .text.C3Di_BufInfoBind
                0x0010305c       0x48 c:/devkitPro/libctru/lib\libcitro3d.a(buffers.o)
                0x0010305c                C3Di_BufInfoBind
 .text.C3D_DrawArrays
                0x001030a4      0x148 c:/devkitPro/libctru/lib\libcitro3d.a(drawArrays.o)
                0x001030a4                C3D_DrawArrays
 .text.C3D_DepthMap
                0x001031ec       0x3c c:/devkitPro/libctru/lib\libcitro3d.a(effect.o)
                0x001031ec                C3D_DepthMap
 .text.C3D_CullFace
                0x00103228       0x1c c:/devkitPro/libctru/lib\libcitro3d.a(effect.o)
                0x00103228                C3D_CullFace
 .text.C3D_StencilTest
                0x00103244       0x3c c:/devkitPro/libctru/lib\libcitro3d.a(effect.o)
                0x00103244                C3D_StencilTest
 .text.C3D_StencilOp
                0x00103280       0x24 c:/devkitPro/libctru/lib\libcitro3d.a(effect.o)
                0x00103280                C3D_StencilOp
 .text.C3D_BlendingColor
                0x001032a4       0x1c c:/devkitPro/libctru/lib\libcitro3d.a(effect.o)
                0x001032a4                C3D_BlendingColor
 .text.C3D_DepthTest
                0x001032c0       0x28 c:/devkitPro/libctru/lib\libcitro3d.a(effect.o)
                0x001032c0                C3D_DepthTest
 .text.C3D_AlphaTest
                0x001032e8       0x28 c:/devkitPro/libctru/lib\libcitro3d.a(effect.o)
                0x001032e8                C3D_AlphaTest
 .text.C3D_AlphaBlend
                0x00103310       0x50 c:/devkitPro/libctru/lib\libcitro3d.a(effect.o)
                0x00103310                C3D_AlphaBlend
 .text.C3D_FragOpMode
                0x00103360       0x30 c:/devkitPro/libctru/lib\libcitro3d.a(effect.o)
                0x00103360                C3D_FragOpMode
 .text.C3Di_EffectBind
                0x00103390      0x11c c:/devkitPro/libctru/lib\libcitro3d.a(effect.o)
                0x00103390                C3Di_EffectBind
 .text.C3D_ImmSendAttrib
                0x001034ac       0xb4 c:/devkitPro/libctru/lib\libcitro3d.a(immediate.o)
                0x001034ac                C3D_ImmSendAttrib
 .text.C3D_RenderBufInit
                0x00103560       0xa4 c:/devkitPro/libctru/lib\libcitro3d.a(renderbuffer.o)
                0x00103560                C3D_RenderBufInit
 .text.C3D_RenderBufClearAsync
                0x00103604       0x80 c:/devkitPro/libctru/lib\libcitro3d.a(renderbuffer.o)
                0x00103604                C3D_RenderBufClearAsync
 .text.C3D_RenderBufTransferAsync
                0x00103684       0x28 c:/devkitPro/libctru/lib\libcitro3d.a(renderbuffer.o)
                0x00103684                C3D_RenderBufTransferAsync
 .text.C3D_RenderBufBind
                0x001036ac       0x38 c:/devkitPro/libctru/lib\libcitro3d.a(renderbuffer.o)
                0x001036ac                C3D_RenderBufBind
 .text.C3Di_RenderBufBind
                0x001036e4      0x168 c:/devkitPro/libctru/lib\libcitro3d.a(renderbuffer.o)
                0x001036e4                C3Di_RenderBufBind
 .text.C3D_RenderBufDelete
                0x0010384c       0x18 c:/devkitPro/libctru/lib\libcitro3d.a(renderbuffer.o)
                0x0010384c                C3D_RenderBufDelete
 .text.C3Di_RenderQueueWaitDone
                0x00103864       0x40 c:/devkitPro/libctru/lib\libcitro3d.a(renderqueue.o)
 .text.performTransfer.part.0
                0x001038a4       0x78 c:/devkitPro/libctru/lib\libcitro3d.a(renderqueue.o)
 .text.transferTarget
                0x0010391c       0x50 c:/devkitPro/libctru/lib\libcitro3d.a(renderqueue.o)
 .text.onVBlank1
                0x0010396c       0x24 c:/devkitPro/libctru/lib\libcitro3d.a(renderqueue.o)
 .text.onVBlank0
                0x00103990       0x8c c:/devkitPro/libctru/lib\libcitro3d.a(renderqueue.o)
 .text.performClear.part.2
                0x00103a1c       0x3c c:/devkitPro/libctru/lib\libcitro3d.a(renderqueue.o)
 .text.clearTarget
                0x00103a58       0x4c c:/devkitPro/libctru/lib\libcitro3d.a(renderqueue.o)
 .text.updateFrameQueue.part.4
                0x00103aa4       0xc0 c:/devkitPro/libctru/lib\libcitro3d.a(renderqueue.o)
 .text.onRenderFinish
                0x00103b64       0xe0 c:/devkitPro/libctru/lib\libcitro3d.a(renderqueue.o)
 .text.onClearDone.part.6
                0x00103c44       0x18 c:/devkitPro/libctru/lib\libcitro3d.a(renderqueue.o)
 .text.onTransferFinish
                0x00103c5c       0xb0 c:/devkitPro/libctru/lib\libcitro3d.a(renderqueue.o)
 .text.onClearDone
                0x00103d0c       0x64 c:/devkitPro/libctru/lib\libcitro3d.a(renderqueue.o)
 .text.checkRenderQueueInit.part.7
                0x00103d70       0x5c c:/devkitPro/libctru/lib\libcitro3d.a(renderqueue.o)
 .text.C3D_FrameBegin
                0x00103dcc       0x64 c:/devkitPro/libctru/lib\libcitro3d.a(renderqueue.o)
                0x00103dcc                C3D_FrameBegin
 .text.C3D_FrameDrawOn
                0x00103e30       0x78 c:/devkitPro/libctru/lib\libcitro3d.a(renderqueue.o)
                0x00103e30                C3D_FrameDrawOn
 .text.C3D_FrameEnd
                0x00103ea8       0xd0 c:/devkitPro/libctru/lib\libcitro3d.a(renderqueue.o)
                0x00103ea8                C3D_FrameEnd
 .text.C3D_RenderTargetCreate
                0x00103f78       0xe0 c:/devkitPro/libctru/lib\libcitro3d.a(renderqueue.o)
                0x00103f78                C3D_RenderTargetCreate
 .text.C3D_RenderTargetDelete
                0x00104058       0x7c c:/devkitPro/libctru/lib\libcitro3d.a(renderqueue.o)
                0x00104058                C3D_RenderTargetDelete
 .text.C3Di_RenderQueueExit
                0x001040d4       0x84 c:/devkitPro/libctru/lib\libcitro3d.a(renderqueue.o)
 .text.C3D_RenderTargetSetClear
                0x00104158       0x50 c:/devkitPro/libctru/lib\libcitro3d.a(renderqueue.o)
                0x00104158                C3D_RenderTargetSetClear
 .text.C3D_RenderTargetSetOutput
                0x001041a8       0x58 c:/devkitPro/libctru/lib\libcitro3d.a(renderqueue.o)
                0x001041a8                C3D_RenderTargetSetOutput
 .text.C3D_SafeDisplayTransfer
                0x00104200       0x88 c:/devkitPro/libctru/lib\libcitro3d.a(renderqueue.o)
                0x00104200                C3D_SafeDisplayTransfer
 .text.TexEnv_Init
                0x00104288       0x34 c:/devkitPro/libctru/lib\libcitro3d.a(texenv.o)
                0x00104288                TexEnv_Init
 .text.C3D_GetTexEnv
                0x001042bc       0x34 c:/devkitPro/libctru/lib\libcitro3d.a(texenv.o)
                0x001042bc                C3D_GetTexEnv
 .text.C3Di_TexEnvBind
                0x001042f0       0x24 c:/devkitPro/libctru/lib\libcitro3d.a(texenv.o)
                0x001042f0                C3Di_TexEnvBind
 .text.C3D_TexInit
                0x00104314       0xb8 c:/devkitPro/libctru/lib\libcitro3d.a(texture.o)
                0x00104314                C3D_TexInit
 .text.C3D_TexInitVRAM
                0x001043cc       0xb8 c:/devkitPro/libctru/lib\libcitro3d.a(texture.o)
                0x001043cc                C3D_TexInitVRAM
 .text.C3D_TexSetWrap
                0x00104484       0x24 c:/devkitPro/libctru/lib\libcitro3d.a(texture.o)
                0x00104484                C3D_TexSetWrap
 .text.C3D_TexBind
                0x001044a8       0x34 c:/devkitPro/libctru/lib\libcitro3d.a(texture.o)
                0x001044a8                C3D_TexBind
 .text.C3D_TexDelete
                0x001044dc       0x3c c:/devkitPro/libctru/lib\libcitro3d.a(texture.o)
                0x001044dc                C3D_TexDelete
 .text.C3D_UpdateUniforms
                0x00104518      0x2ac c:/devkitPro/libctru/lib\libcitro3d.a(uniforms.o)
                0x00104518                C3D_UpdateUniforms
 .text.C3Di_DirtyUniforms
                0x001047c4       0xc0 c:/devkitPro/libctru/lib\libcitro3d.a(uniforms.o)
                0x001047c4                C3Di_DirtyUniforms
 .text.C3Di_LoadShaderUniforms
                0x00104884       0xe4 c:/devkitPro/libctru/lib\libcitro3d.a(uniforms.o)
                0x00104884                C3Di_LoadShaderUniforms
 .text.C3Di_ClearShaderUniforms
                0x00104968       0x28 c:/devkitPro/libctru/lib\libcitro3d.a(uniforms.o)
                0x00104968                C3Di_ClearShaderUniforms
 .text.Mtx_OrthoTilt
                0x00104990      0x104 c:/devkitPro/libctru/lib\libcitro3d.a(mtx_orthotilt.o)
                0x00104990                Mtx_OrthoTilt
 .text.Mtx_Identity
                0x00104a94       0x2c c:/devkitPro/libctru/lib\libcitro3d.a(mtx_identity.o)
                0x00104a94                Mtx_Identity
 .text.Mtx_Multiply
                0x00104ac0       0x70 c:/devkitPro/libctru/lib\libcitro3d.a(mtx_multiply.o)
                0x00104ac0                Mtx_Multiply
 .text._ZL21addrMapNodeComparatorPK11rbtree_nodeS1_
                0x00104b30       0x24 c:/devkitPro/libctru/lib\libctru.a(linear.o)
 .text._ZL21addrMapNodeDestructorP11rbtree_node
                0x00104b54        0x4 c:/devkitPro/libctru/lib\libctru.a(linear.o)
 .text.linearMemAlign
                0x00104b58      0x140 c:/devkitPro/libctru/lib\libctru.a(linear.o)
                0x00104b58                linearMemAlign
 .text.linearAlloc
                0x00104c98        0x8 c:/devkitPro/libctru/lib\libctru.a(linear.o)
                0x00104c98                linearAlloc
 .text.linearFree
                0x00104ca0       0x50 c:/devkitPro/libctru/lib\libctru.a(linear.o)
                0x00104ca0                linearFree
 .text._ZN7MemPool13CoalesceRightEP8MemBlock
                0x00104cf0       0xa0 c:/devkitPro/libctru/lib\libctru.a(mem_pool.o)
                0x00104cf0                MemPool::CoalesceRight(MemBlock*)
 .text._ZN7MemPool8AllocateER8MemChunkmi
                0x00104d90      0x18c c:/devkitPro/libctru/lib\libctru.a(mem_pool.o)
                0x00104d90                MemPool::Allocate(MemChunk&, unsigned long, int)
 .text._ZN7MemPool10DeallocateERK8MemChunk
                0x00104f1c      0x104 c:/devkitPro/libctru/lib\libctru.a(mem_pool.o)
                0x00104f1c                MemPool::Deallocate(MemChunk const&)
 .text._ZL21addrMapNodeComparatorPK11rbtree_nodeS1_
                0x00105020       0x24 c:/devkitPro/libctru/lib\libctru.a(vram.o)
 .text._ZL21addrMapNodeDestructorP11rbtree_node
                0x00105044        0x4 c:/devkitPro/libctru/lib\libctru.a(vram.o)
 .text.vramMemAlign
                0x00105048      0x130 c:/devkitPro/libctru/lib\libctru.a(vram.o)
                0x00105048                vramMemAlign
 .text.vramAlloc
                0x00105178        0x8 c:/devkitPro/libctru/lib\libctru.a(vram.o)
                0x00105178                vramAlloc
 .text.vramFree
                0x00105180       0x50 c:/devkitPro/libctru/lib\libctru.a(vram.o)
                0x00105180                vramFree
 .text.gfxSetFramebufferInfo.part.0
                0x001051d0       0x8c c:/devkitPro/libctru/lib\libctru.a(gfx.o)
 .text.gfxSet3D
                0x0010525c       0x10 c:/devkitPro/libctru/lib\libctru.a(gfx.o)
                0x0010525c                gfxSet3D
 .text.gfxIs3D  0x0010526c       0x10 c:/devkitPro/libctru/lib\libctru.a(gfx.o)
                0x0010526c                gfxIs3D
 .text.__get_bytes_per_pixel
                0x0010527c       0x18 c:/devkitPro/libctru/lib\libctru.a(gfx.o)
                0x0010527c                __get_bytes_per_pixel
 .text.gfxSetFramebufferInfo
                0x00105294       0x70 c:/devkitPro/libctru/lib\libctru.a(gfx.o)
                0x00105294                gfxSetFramebufferInfo
 .text.gfxWriteFramebufferInfo
                0x00105304       0x88 c:/devkitPro/libctru/lib\libctru.a(gfx.o)
                0x00105304                gfxWriteFramebufferInfo
 .text.gfxInit  0x0010538c      0x1d0 c:/devkitPro/libctru/lib\libctru.a(gfx.o)
                0x0010538c                gfxInit
 .text.gfxInitDefault
                0x0010555c       0x10 c:/devkitPro/libctru/lib\libctru.a(gfx.o)
                0x0010555c                gfxInitDefault
 .text.gfxExit  0x0010556c       0xe0 c:/devkitPro/libctru/lib\libctru.a(gfx.o)
                0x0010556c                gfxExit
 .text.gfxGetFramebuffer
                0x0010564c       0xb0 c:/devkitPro/libctru/lib\libctru.a(gfx.o)
                0x0010564c                gfxGetFramebuffer
 .text.gfxConfigScreen
                0x001056fc       0x70 c:/devkitPro/libctru/lib\libctru.a(gfx.o)
                0x001056fc                gfxConfigScreen
 .text.getSysTime
                0x0010576c       0x58 c:/devkitPro/libctru/lib\libctru.a(os.o)
 .text.osConvertVirtToPhys
                0x001057c4       0x4c c:/devkitPro/libctru/lib\libctru.a(os.o)
                0x001057c4                osConvertVirtToPhys
 .text.osGetMemRegionUsed
                0x00105810       0x24 c:/devkitPro/libctru/lib\libctru.a(os.o)
                0x00105810                osGetMemRegionUsed
 *fill*         0x00105834        0x4 
 .text.__libctru_gtod
                0x00105838       0xf8 c:/devkitPro/libctru/lib\libctru.a(os.o)
                0x00105838                __libctru_gtod
 .text.osGetTime
                0x00105930       0x78 c:/devkitPro/libctru/lib\libctru.a(os.o)
                0x00105930                osGetTime
 .text.__ctru_speedup_config
                0x001059a8       0x34 c:/devkitPro/libctru/lib\libctru.a(os.o)
                0x001059a8                __ctru_speedup_config
 .text.GPUCMD_SetBuffer
                0x001059dc       0x2c c:/devkitPro/libctru/lib\libctru.a(gpu.o)
                0x001059dc                GPUCMD_SetBuffer
 .text.GPUCMD_GetBuffer
                0x00105a08       0x40 c:/devkitPro/libctru/lib\libctru.a(gpu.o)
                0x00105a08                GPUCMD_GetBuffer
 .text.GPUCMD_Add
                0x00105a48       0xe4 c:/devkitPro/libctru/lib\libctru.a(gpu.o)
                0x00105a48                GPUCMD_Add
 .text.GPUCMD_Finalize
                0x00105b2c       0x98 c:/devkitPro/libctru/lib\libctru.a(gpu.o)
                0x00105b2c                GPUCMD_Finalize
 .text.f32tof24
                0x00105bc4       0x40 c:/devkitPro/libctru/lib\libctru.a(gpu.o)
                0x00105bc4                f32tof24
 .text.f32tof31
                0x00105c04       0x40 c:/devkitPro/libctru/lib\libctru.a(gpu.o)
                0x00105c04                f32tof31
 .text.GX_ProcessCommandList
                0x00105c44       0x54 c:/devkitPro/libctru/lib\libctru.a(gx.o)
                0x00105c44                GX_ProcessCommandList
 .text.GX_MemoryFill
                0x00105c98       0x60 c:/devkitPro/libctru/lib\libctru.a(gx.o)
                0x00105c98                GX_MemoryFill
 .text.GX_DisplayTransfer
                0x00105cf8       0x50 c:/devkitPro/libctru/lib\libctru.a(gx.o)
                0x00105cf8                GX_DisplayTransfer
 .text.GX_FlushCacheRegions
                0x00105d48       0x54 c:/devkitPro/libctru/lib\libctru.a(gx.o)
                0x00105d48                GX_FlushCacheRegions
 .text.GPU_SetShaderOutmap
                0x00105d9c       0x48 c:/devkitPro/libctru/lib\libctru.a(shaderProgram.o)
 .text.GPU_SendShaderCode.constprop.0
                0x00105de4       0xb8 c:/devkitPro/libctru/lib\libctru.a(shaderProgram.o)
 .text.GPU_SendOperandDescriptors.constprop.1
                0x00105e9c       0x70 c:/devkitPro/libctru/lib\libctru.a(shaderProgram.o)
 .text.shaderInstanceInit
                0x00105f0c      0x23c c:/devkitPro/libctru/lib\libctru.a(shaderProgram.o)
                0x00105f0c                shaderInstanceInit
 .text.shaderInstanceFree
                0x00106148       0x38 c:/devkitPro/libctru/lib\libctru.a(shaderProgram.o)
                0x00106148                shaderInstanceFree
 .text.shaderInstanceGetUniformLocation
                0x00106180       0x18 c:/devkitPro/libctru/lib\libctru.a(shaderProgram.o)
                0x00106180                shaderInstanceGetUniformLocation
 .text.shaderProgramInit
                0x00106198       0x18 c:/devkitPro/libctru/lib\libctru.a(shaderProgram.o)
                0x00106198                shaderProgramInit
 .text.shaderProgramFree
                0x001061b0       0x30 c:/devkitPro/libctru/lib\libctru.a(shaderProgram.o)
                0x001061b0                shaderProgramFree
 .text.shaderProgramSetVsh
                0x001061e0       0x6c c:/devkitPro/libctru/lib\libctru.a(shaderProgram.o)
                0x001061e0                shaderProgramSetVsh
 .text.shaderProgramConfigure
                0x0010624c      0x340 c:/devkitPro/libctru/lib\libctru.a(shaderProgram.o)
                0x0010624c                shaderProgramConfigure
 .text.DVLB_Free
                0x0010658c       0x3c c:/devkitPro/libctru/lib\libctru.a(shbin.o)
                0x0010658c                DVLB_Free
 .text.DVLE_GetUniformRegister
                0x001065c8       0x80 c:/devkitPro/libctru/lib\libctru.a(shbin.o)
                0x001065c8                DVLE_GetUniformRegister
 .text.DVLE_GenerateOutmap
                0x00106648      0x198 c:/devkitPro/libctru/lib\libctru.a(shbin.o)
                0x00106648                DVLE_GenerateOutmap
 .text.DVLB_ParseFile
                0x001067e0      0x198 c:/devkitPro/libctru/lib\libctru.a(shbin.o)
                0x001067e0                DVLB_ParseFile
 .text._aptDebug
                0x00106978        0x4 c:/devkitPro/libctru/lib\libctru.a(apt.o)
                0x00106978                _aptDebug
 .text.aptSendCommand
                0x0010697c      0x12c c:/devkitPro/libctru/lib\libctru.a(apt.o)
                0x0010697c                aptSendCommand
 .text.aptExitProcess
                0x00106aa8       0x3c c:/devkitPro/libctru/lib\libctru.a(apt.o)
 .text.aptHook  0x00106ae4       0x38 c:/devkitPro/libctru/lib\libctru.a(apt.o)
                0x00106ae4                aptHook
 .text.aptUnhook
                0x00106b1c       0x2c c:/devkitPro/libctru/lib\libctru.a(apt.o)
                0x00106b1c                aptUnhook
 .text.APT_InquireNotification
                0x00106b48       0x4c c:/devkitPro/libctru/lib\libctru.a(apt.o)
                0x00106b48                APT_InquireNotification
 .text.aptEventHandler
                0x00106b94      0x198 c:/devkitPro/libctru/lib\libctru.a(apt.o)
 .text.APT_AppletUtility
                0x00106d2c       0x74 c:/devkitPro/libctru/lib\libctru.a(apt.o)
                0x00106d2c                APT_AppletUtility
 .text.aptSetSleepAllowed
                0x00106da0       0xb0 c:/devkitPro/libctru/lib\libctru.a(apt.o)
                0x00106da0                aptSetSleepAllowed
 .text.APT_GlanceParameter
                0x00106e50       0xb4 c:/devkitPro/libctru/lib\libctru.a(apt.o)
                0x00106e50                APT_GlanceParameter
 .text.APT_ReceiveParameter
                0x00106f04       0xc0 c:/devkitPro/libctru/lib\libctru.a(apt.o)
                0x00106f04                APT_ReceiveParameter
 .text.aptReceiveParameter.constprop.1
                0x00106fc4       0xa8 c:/devkitPro/libctru/lib\libctru.a(apt.o)
 *fill*         0x0010706c        0x4 
 .text.aptScreenTransfer
                0x00107070      0x1e0 c:/devkitPro/libctru/lib\libctru.a(apt.o)
 .text.aptWaitForWakeUp
                0x00107250      0x224 c:/devkitPro/libctru/lib\libctru.a(apt.o)
 .text.APT_CancelParameter
                0x00107474       0x70 c:/devkitPro/libctru/lib\libctru.a(apt.o)
                0x00107474                APT_CancelParameter
 .text.aptInit  0x001074e4      0x21c c:/devkitPro/libctru/lib\libctru.a(apt.o)
                0x001074e4                aptInit
 .text.aptClearParamQueue
                0x00107700       0x88 c:/devkitPro/libctru/lib\libctru.a(apt.o)
 .text.aptMainLoop
                0x00107788      0x208 c:/devkitPro/libctru/lib\libctru.a(apt.o)
                0x00107788                aptMainLoop
 .text.aptExit  0x00107990      0x148 c:/devkitPro/libctru/lib\libctru.a(apt.o)
                0x00107990                aptExit
 .text.APT_CheckNew3DS
                0x00107ad8       0x70 c:/devkitPro/libctru/lib\libctru.a(apt.o)
                0x00107ad8                APT_CheckNew3DS
 .text.gspEventThreadMain
                0x00107b48      0x154 c:/devkitPro/libctru/lib\libctru.a(gspgpu.o)
 .text.gspInit  0x00107c9c       0x74 c:/devkitPro/libctru/lib\libctru.a(gspgpu.o)
                0x00107c9c                gspInit
 .text.gspExit  0x00107d10       0x3c c:/devkitPro/libctru/lib\libctru.a(gspgpu.o)
                0x00107d10                gspExit
 .text.gspSetEventCallback
                0x00107d4c       0x2c c:/devkitPro/libctru/lib\libctru.a(gspgpu.o)
                0x00107d4c                gspSetEventCallback
 .text.gspInitEventHandler
                0x00107d78       0x84 c:/devkitPro/libctru/lib\libctru.a(gspgpu.o)
                0x00107d78                gspInitEventHandler
 .text.gspExitEventHandler
                0x00107dfc       0x30 c:/devkitPro/libctru/lib\libctru.a(gspgpu.o)
                0x00107dfc                gspExitEventHandler
 .text.gspWaitForEvent
                0x00107e2c       0x44 c:/devkitPro/libctru/lib\libctru.a(gspgpu.o)
                0x00107e2c                gspWaitForEvent
 .text.gspWaitForAnyEvent
                0x00107e70       0x64 c:/devkitPro/libctru/lib\libctru.a(gspgpu.o)
                0x00107e70                gspWaitForAnyEvent
 .text.gspSubmitGxCommand
                0x00107ed4      0x128 c:/devkitPro/libctru/lib\libctru.a(gspgpu.o)
                0x00107ed4                gspSubmitGxCommand
 .text.GSPGPU_SetBufferSwap
                0x00107ffc       0x6c c:/devkitPro/libctru/lib\libctru.a(gspgpu.o)
                0x00107ffc                GSPGPU_SetBufferSwap
 .text.GSPGPU_FlushDataCache
                0x00108068       0x4c c:/devkitPro/libctru/lib\libctru.a(gspgpu.o)
                0x00108068                GSPGPU_FlushDataCache
 .text.GSPGPU_SetLcdForceBlack
                0x001080b4       0x34 c:/devkitPro/libctru/lib\libctru.a(gspgpu.o)
                0x001080b4                GSPGPU_SetLcdForceBlack
 .text.GSPGPU_RegisterInterruptRelayQueue
                0x001080e8       0x64 c:/devkitPro/libctru/lib\libctru.a(gspgpu.o)
                0x001080e8                GSPGPU_RegisterInterruptRelayQueue
 .text.GSPGPU_UnregisterInterruptRelayQueue
                0x0010814c       0x2c c:/devkitPro/libctru/lib\libctru.a(gspgpu.o)
                0x0010814c                GSPGPU_UnregisterInterruptRelayQueue
 .text.GSPGPU_AcquireRight
                0x00108178       0x48 c:/devkitPro/libctru/lib\libctru.a(gspgpu.o)
                0x00108178                GSPGPU_AcquireRight
 .text.GSPGPU_ReleaseRight
                0x001081c0       0x2c c:/devkitPro/libctru/lib\libctru.a(gspgpu.o)
                0x001081c0                GSPGPU_ReleaseRight
 .text.GSPGPU_ImportDisplayCaptureInfo
                0x001081ec       0x80 c:/devkitPro/libctru/lib\libctru.a(gspgpu.o)
                0x001081ec                GSPGPU_ImportDisplayCaptureInfo
 .text.GSPGPU_SaveVramSysArea
                0x0010826c       0x2c c:/devkitPro/libctru/lib\libctru.a(gspgpu.o)
                0x0010826c                GSPGPU_SaveVramSysArea
 .text.GSPGPU_RestoreVramSysArea
                0x00108298       0x2c c:/devkitPro/libctru/lib\libctru.a(gspgpu.o)
                0x00108298                GSPGPU_RestoreVramSysArea
 .text.hidExit  0x001082c4       0xd8 c:/devkitPro/libctru/lib\libctru.a(hid.o)
                0x001082c4                hidExit
 .text.hidScanInput
                0x0010839c      0x238 c:/devkitPro/libctru/lib\libctru.a(hid.o)
                0x0010839c                hidScanInput
 .text.hidKeysHeld
                0x001085d4       0x10 c:/devkitPro/libctru/lib\libctru.a(hid.o)
                0x001085d4                hidKeysHeld
 .text.hidKeysDown
                0x001085e4       0x10 c:/devkitPro/libctru/lib\libctru.a(hid.o)
                0x001085e4                hidKeysDown
 .text.hidTouchRead
                0x001085f4       0x18 c:/devkitPro/libctru/lib\libctru.a(hid.o)
                0x001085f4                hidTouchRead
 .text.HIDUSER_GetHandles
                0x0010860c       0x90 c:/devkitPro/libctru/lib\libctru.a(hid.o)
                0x0010860c                HIDUSER_GetHandles
 .text.hidInit  0x0010869c      0x184 c:/devkitPro/libctru/lib\libctru.a(hid.o)
                0x0010869c                hidInit
 .text.irrstScanInput
                0x00108820       0xb0 c:/devkitPro/libctru/lib\libctru.a(irrst.o)
                0x00108820                irrstScanInput
 .text.irrstKeysHeld
                0x001088d0       0x1c c:/devkitPro/libctru/lib\libctru.a(irrst.o)
                0x001088d0                irrstKeysHeld
 .text.IRRST_GetHandles
                0x001088ec       0x50 c:/devkitPro/libctru/lib\libctru.a(irrst.o)
                0x001088ec                IRRST_GetHandles
 .text.irrstInit
                0x0010893c      0x148 c:/devkitPro/libctru/lib\libctru.a(irrst.o)
                0x0010893c                irrstInit
 .text.IRRST_Shutdown
                0x00108a84       0x2c c:/devkitPro/libctru/lib\libctru.a(irrst.o)
                0x00108a84                IRRST_Shutdown
 .text.irrstExit
                0x00108ab0       0xb0 c:/devkitPro/libctru/lib\libctru.a(irrst.o)
                0x00108ab0                irrstExit
 .text.ptmSysmInit
                0x00108b60       0x70 c:/devkitPro/libctru/lib\libctru.a(ptmsysm.o)
                0x00108b60                ptmSysmInit
 .text.ptmSysmExit
                0x00108bd0       0x34 c:/devkitPro/libctru/lib\libctru.a(ptmsysm.o)
                0x00108bd0                ptmSysmExit
 .text.PTMSYSM_ConfigureNew3DSCPU
                0x00108c04       0x34 c:/devkitPro/libctru/lib\libctru.a(ptmsysm.o)
                0x00108c04                PTMSYSM_ConfigureNew3DSCPU
 .text.rbtree_find
                0x00108c38       0x70 c:/devkitPro/libctru/lib\libctru.a(rbtree_find.o)
                0x00108c38                rbtree_find
 .text.rbtree_init
                0x00108ca8       0x14 c:/devkitPro/libctru/lib\libctru.a(rbtree_init.o)
                0x00108ca8                rbtree_init
 .text.do_insert
                0x00108cbc      0x1d4 c:/devkitPro/libctru/lib\libctru.a(rbtree_insert.o)
 .text.rbtree_insert
                0x00108e90        0x8 c:/devkitPro/libctru/lib\libctru.a(rbtree_insert.o)
                0x00108e90                rbtree_insert
 .text.rbtree_remove
                0x00108e98      0x35c c:/devkitPro/libctru/lib\libctru.a(rbtree_remove.o)
                0x00108e98                rbtree_remove
 .text.rbtree_rotate
                0x001091f4       0xac c:/devkitPro/libctru/lib\libctru.a(rbtree_rotate.o)
                0x001091f4                rbtree_rotate
 .text.osGetMemRegionSize
                0x001092a0       0x58 c:/devkitPro/libctru/lib\libctru.a(allocateHeaps.o)
 .text.__system_allocateHeaps
                0x001092f8      0x124 c:/devkitPro/libctru/lib\libctru.a(allocateHeaps.o)
                0x001092f8                __system_allocateHeaps
 .text.__system_initArgv
                0x0010941c       0xf4 c:/devkitPro/libctru/lib\libctru.a(initArgv.o)
                0x0010941c                __system_initArgv
 .text.__libctru_init
                0x00109510       0x38 c:/devkitPro/libctru/lib\libctru.a(initSystem.o)
                0x00109510                __libctru_init
 .text.__ctru_get_reent
                0x00109548       0x30 c:/devkitPro/libctru/lib\libctru.a(syscalls.o)
 .text.__system_initSyscalls
                0x00109578       0xe8 c:/devkitPro/libctru/lib\libctru.a(syscalls.o)
                0x00109578                __system_initSyscalls
 .text.svcControlMemory
                0x00109660       0x20 c:/devkitPro/libctru/lib\libctru.a(svc.o)
                0x00109660                svcControlMemory
 .text.svcExitProcess
                0x00109680        0x8 c:/devkitPro/libctru/lib\libctru.a(svc.o)
                0x00109680                svcExitProcess
 .text.svcCreateThread
                0x00109688       0x20 c:/devkitPro/libctru/lib\libctru.a(svc.o)
                0x00109688                svcCreateThread
 .text.svcExitThread
                0x001096a8        0x8 c:/devkitPro/libctru/lib\libctru.a(svc.o)
                0x001096a8                svcExitThread
 .text.svcSleepThread
                0x001096b0        0x8 c:/devkitPro/libctru/lib\libctru.a(svc.o)
                0x001096b0                svcSleepThread
 .text.svcReleaseMutex
                0x001096b8        0x8 c:/devkitPro/libctru/lib\libctru.a(svc.o)
                0x001096b8                svcReleaseMutex
 .text.svcCreateEvent
                0x001096c0       0x14 c:/devkitPro/libctru/lib\libctru.a(svc.o)
                0x001096c0                svcCreateEvent
 .text.svcSignalEvent
                0x001096d4        0x8 c:/devkitPro/libctru/lib\libctru.a(svc.o)
                0x001096d4                svcSignalEvent
 .text.svcClearEvent
                0x001096dc        0x8 c:/devkitPro/libctru/lib\libctru.a(svc.o)
                0x001096dc                svcClearEvent
 .text.svcMapMemoryBlock
                0x001096e4        0x8 c:/devkitPro/libctru/lib\libctru.a(svc.o)
                0x001096e4                svcMapMemoryBlock
 .text.svcUnmapMemoryBlock
                0x001096ec        0x8 c:/devkitPro/libctru/lib\libctru.a(svc.o)
                0x001096ec                svcUnmapMemoryBlock
 .text.svcCreateAddressArbiter
                0x001096f4       0x14 c:/devkitPro/libctru/lib\libctru.a(svc.o)
                0x001096f4                svcCreateAddressArbiter
 .text.svcArbitrateAddress
                0x00109708       0x18 c:/devkitPro/libctru/lib\libctru.a(svc.o)
                0x00109708                svcArbitrateAddress
 .text.svcCloseHandle
                0x00109720        0x8 c:/devkitPro/libctru/lib\libctru.a(svc.o)
                0x00109720                svcCloseHandle
 .text.svcWaitSynchronization
                0x00109728        0x8 c:/devkitPro/libctru/lib\libctru.a(svc.o)
                0x00109728                svcWaitSynchronization
 .text.svcWaitSynchronizationN
                0x00109730       0x28 c:/devkitPro/libctru/lib\libctru.a(svc.o)
                0x00109730                svcWaitSynchronizationN
 .text.svcDuplicateHandle
                0x00109758       0x14 c:/devkitPro/libctru/lib\libctru.a(svc.o)
                0x00109758                svcDuplicateHandle
 .text.svcGetSystemTick
                0x0010976c        0x8 c:/devkitPro/libctru/lib\libctru.a(svc.o)
                0x0010976c                svcGetSystemTick
 .text.svcGetSystemInfo
                0x00109774       0x18 c:/devkitPro/libctru/lib\libctru.a(svc.o)
                0x00109774                svcGetSystemInfo
 .text.svcConnectToPort
                0x0010978c       0x14 c:/devkitPro/libctru/lib\libctru.a(svc.o)
                0x0010978c                svcConnectToPort
 .text.svcSendSyncRequest
                0x001097a0        0x8 c:/devkitPro/libctru/lib\libctru.a(svc.o)
                0x001097a0                svcSendSyncRequest
 .text.svcBreak
                0x001097a8        0x8 c:/devkitPro/libctru/lib\libctru.a(svc.o)
                0x001097a8                svcBreak
 .text._ZL21addrMapNodeComparatorPK11rbtree_nodeS1_
                0x001097b0       0x24 c:/devkitPro/libctru/lib\libctru.a(mappable.o)
 .text._ZL21addrMapNodeDestructorP11rbtree_node
                0x001097d4        0x4 c:/devkitPro/libctru/lib\libctru.a(mappable.o)
 .text.mappableAlloc
                0x001097d8       0xf4 c:/devkitPro/libctru/lib\libctru.a(mappable.o)
                0x001097d8                mappableAlloc
 .text.mappableFree
                0x001098cc       0x50 c:/devkitPro/libctru/lib\libctru.a(mappable.o)
                0x001098cc                mappableFree
 .text.envGetHandle
                0x0010991c       0x94 c:/devkitPro/libctru/lib\libctru.a(env.o)
                0x0010991c                envGetHandle
 .text.envDestroyHandles
                0x001099b0       0x4c c:/devkitPro/libctru/lib\libctru.a(env.o)
                0x001099b0                envDestroyHandles
 .text.srvExit  0x001099fc       0x50 c:/devkitPro/libctru/lib\libctru.a(srv.o)
                0x001099fc                srvExit
 .text.srvRegisterClient
                0x00109a4c       0x38 c:/devkitPro/libctru/lib\libctru.a(srv.o)
                0x00109a4c                srvRegisterClient
 .text.srvInit  0x00109a84       0x70 c:/devkitPro/libctru/lib\libctru.a(srv.o)
                0x00109a84                srvInit
 .text.srvGetServiceHandleDirect
                0x00109af4       0x68 c:/devkitPro/libctru/lib\libctru.a(srv.o)
                0x00109af4                srvGetServiceHandleDirect
 .text.srvGetServiceHandle
                0x00109b5c       0x38 c:/devkitPro/libctru/lib\libctru.a(srv.o)
                0x00109b5c                srvGetServiceHandle
 .text.LightLock_Unlock.part.1
                0x00109b94       0x34 c:/devkitPro/libctru/lib\libctru.a(synchronization.o)
 .text.__sync_init
                0x00109bc8        0xc c:/devkitPro/libctru/lib\libctru.a(synchronization.o)
                0x00109bc8                __sync_init
 .text.__sync_fini
                0x00109bd4       0x18 c:/devkitPro/libctru/lib\libctru.a(synchronization.o)
                0x00109bd4                __sync_fini
 .text.__sync_get_arbiter
                0x00109bec       0x10 c:/devkitPro/libctru/lib\libctru.a(synchronization.o)
                0x00109bec                __sync_get_arbiter
 .text.LightLock_Init
                0x00109bfc       0x18 c:/devkitPro/libctru/lib\libctru.a(synchronization.o)
                0x00109bfc                LightLock_Init
 .text.LightLock_Lock
                0x00109c14       0x94 c:/devkitPro/libctru/lib\libctru.a(synchronization.o)
                0x00109c14                LightLock_Lock
 .text.LightLock_TryLock
                0x00109ca8       0x34 c:/devkitPro/libctru/lib\libctru.a(synchronization.o)
                0x00109ca8                LightLock_TryLock
 .text.LightLock_Unlock
                0x00109cdc       0x20 c:/devkitPro/libctru/lib\libctru.a(synchronization.o)
                0x00109cdc                LightLock_Unlock
 .text.RecursiveLock_Init
                0x00109cfc       0x24 c:/devkitPro/libctru/lib\libctru.a(synchronization.o)
                0x00109cfc                RecursiveLock_Init
 .text.RecursiveLock_Lock
                0x00109d20       0x30 c:/devkitPro/libctru/lib\libctru.a(synchronization.o)
                0x00109d20                RecursiveLock_Lock
 .text.RecursiveLock_TryLock
                0x00109d50       0x58 c:/devkitPro/libctru/lib\libctru.a(synchronization.o)
                0x00109d50                RecursiveLock_TryLock
 .text.RecursiveLock_Unlock
                0x00109da8       0x38 c:/devkitPro/libctru/lib\libctru.a(synchronization.o)
                0x00109da8                RecursiveLock_Unlock
 .text.LightEvent_Init
                0x00109de0       0x38 c:/devkitPro/libctru/lib\libctru.a(synchronization.o)
                0x00109de0                LightEvent_Init
 .text.LightEvent_Clear
                0x00109e18       0x7c c:/devkitPro/libctru/lib\libctru.a(synchronization.o)
                0x00109e18                LightEvent_Clear
 .text.LightEvent_Signal
                0x00109e94       0xdc c:/devkitPro/libctru/lib\libctru.a(synchronization.o)
                0x00109e94                LightEvent_Signal
 .text.LightEvent_Wait
                0x00109f70       0xc8 c:/devkitPro/libctru/lib\libctru.a(synchronization.o)
                0x00109f70                LightEvent_Wait
 .text.threadCreate
                0x0010a038      0x1c8 c:/devkitPro/libctru/lib\libctru.a(thread.o)
                0x0010a038                threadCreate
 .text.threadJoin
                0x0010a200       0x24 c:/devkitPro/libctru/lib\libctru.a(thread.o)
                0x0010a200                threadJoin
 .text.threadExit
                0x0010a224       0x6c c:/devkitPro/libctru/lib\libctru.a(thread.o)
                0x0010a224                threadExit
 .text._thread_begin
                0x0010a290       0x3c c:/devkitPro/libctru/lib\libctru.a(thread.o)
 .text.rbtree_node_next
                0x0010a2cc       0x8c c:/devkitPro/libctru/lib\libctru.a(rbtree_iterator.o)
                0x0010a2cc                rbtree_node_next
 .text.__appExit
                0x0010a358       0x1c c:/devkitPro/libctru/lib\libctru.a(appExit.o)
                0x0010a358                __appExit
 .text.__appInit
                0x0010a374       0x1c c:/devkitPro/libctru/lib\libctru.a(appInit.o)
                0x0010a374                __appInit
 .text.__libctru_exit
                0x0010a390       0xa4 c:/devkitPro/libctru/lib\libctru.a(ctru_exit.o)
                0x0010a390                __libctru_exit
 .text.sdmc_link
                0x0010a434       0x10 c:/devkitPro/libctru/lib\libctru.a(sdmc_dev.o)
 .text.sdmc_dirreset
                0x0010a444       0x10 c:/devkitPro/libctru/lib\libctru.a(sdmc_dev.o)
 .text.sdmc_chmod
                0x0010a454       0x10 c:/devkitPro/libctru/lib\libctru.a(sdmc_dev.o)
 .text.sdmc_fchmod
                0x0010a464       0x10 c:/devkitPro/libctru/lib\libctru.a(sdmc_dev.o)
 .text.error_cmp
                0x0010a474       0x24 c:/devkitPro/libctru/lib\libctru.a(sdmc_dev.o)
 .text.sdmc_translate_error
                0x0010a498       0x50 c:/devkitPro/libctru/lib\libctru.a(sdmc_dev.o)
 .text.sdmc_fsync
                0x0010a4e8       0x34 c:/devkitPro/libctru/lib\libctru.a(sdmc_dev.o)
 .text.sdmc_ftruncate
                0x0010a51c       0x54 c:/devkitPro/libctru/lib\libctru.a(sdmc_dev.o)
 .text.sdmc_statvfs
                0x0010a570       0xac c:/devkitPro/libctru/lib\libctru.a(sdmc_dev.o)
 .text.sdmc_dirclose
                0x0010a61c       0x38 c:/devkitPro/libctru/lib\libctru.a(sdmc_dev.o)
 .text.sdmc_dirnext
                0x0010a654      0x13c c:/devkitPro/libctru/lib\libctru.a(sdmc_dev.o)
 .text.sdmc_close
                0x0010a790       0x34 c:/devkitPro/libctru/lib\libctru.a(sdmc_dev.o)
 .text.sdmc_fstat
                0x0010a7c4       0x74 c:/devkitPro/libctru/lib\libctru.a(sdmc_dev.o)
 .text.sdmc_seek
                0x0010a838       0xc0 c:/devkitPro/libctru/lib\libctru.a(sdmc_dev.o)
 .text.sdmc_read
                0x0010a8f8       0x8c c:/devkitPro/libctru/lib\libctru.a(sdmc_dev.o)
 .text.sdmc_write_safe
                0x0010a984      0x110 c:/devkitPro/libctru/lib\libctru.a(sdmc_dev.o)
 .text.sdmc_utf16path
                0x0010aa94      0x1b4 c:/devkitPro/libctru/lib\libctru.a(sdmc_dev.o)
 .text.sdmc_rmdir
                0x0010ac48       0x74 c:/devkitPro/libctru/lib\libctru.a(sdmc_dev.o)
 .text.sdmc_diropen
                0x0010acbc       0xa8 c:/devkitPro/libctru/lib\libctru.a(sdmc_dev.o)
 .text.sdmc_chdir
                0x0010ad64       0xa0 c:/devkitPro/libctru/lib\libctru.a(sdmc_dev.o)
 .text.sdmc_mkdir
                0x0010ae04       0x98 c:/devkitPro/libctru/lib\libctru.a(sdmc_dev.o)
 .text.sdmc_rename
                0x0010ae9c      0x108 c:/devkitPro/libctru/lib\libctru.a(sdmc_dev.o)
 .text.sdmc_unlink
                0x0010afa4       0x74 c:/devkitPro/libctru/lib\libctru.a(sdmc_dev.o)
 .text.sdmc_stat
                0x0010b018      0x108 c:/devkitPro/libctru/lib\libctru.a(sdmc_dev.o)
 .text.sdmc_open
                0x0010b120      0x188 c:/devkitPro/libctru/lib\libctru.a(sdmc_dev.o)
 .text.sdmcInit
                0x0010b2a8      0x15c c:/devkitPro/libctru/lib\libctru.a(sdmc_dev.o)
                0x0010b2a8                sdmcInit
 .text.sdmcExit
                0x0010b404       0x54 c:/devkitPro/libctru/lib\libctru.a(sdmc_dev.o)
                0x0010b404                sdmcExit
 .text.fsSessionForArchive.part.0
                0x0010b458       0x28 c:/devkitPro/libctru/lib\libctru.a(fs.o)
 .text.fsInit   0x0010b480       0xcc c:/devkitPro/libctru/lib\libctru.a(fs.o)
                0x0010b480                fsInit
 .text.fsExit   0x0010b54c       0x38 c:/devkitPro/libctru/lib\libctru.a(fs.o)
                0x0010b54c                fsExit
 .text.fsExemptFromSession
                0x0010b584       0x74 c:/devkitPro/libctru/lib\libctru.a(fs.o)
                0x0010b584                fsExemptFromSession
 .text.fsUnexemptFromSession
                0x0010b5f8       0x54 c:/devkitPro/libctru/lib\libctru.a(fs.o)
                0x0010b5f8                fsUnexemptFromSession
 .text.FSUSER_OpenFile
                0x0010b64c       0xbc c:/devkitPro/libctru/lib\libctru.a(fs.o)
                0x0010b64c                FSUSER_OpenFile
 .text.FSUSER_DeleteFile
                0x0010b708       0xa4 c:/devkitPro/libctru/lib\libctru.a(fs.o)
                0x0010b708                FSUSER_DeleteFile
 .text.FSUSER_RenameFile
                0x0010b7ac       0xe0 c:/devkitPro/libctru/lib\libctru.a(fs.o)
                0x0010b7ac                FSUSER_RenameFile
 .text.FSUSER_DeleteDirectory
                0x0010b88c       0xa4 c:/devkitPro/libctru/lib\libctru.a(fs.o)
                0x0010b88c                FSUSER_DeleteDirectory
 .text.FSUSER_CreateFile
                0x0010b930       0xbc c:/devkitPro/libctru/lib\libctru.a(fs.o)
                0x0010b930                FSUSER_CreateFile
 .text.FSUSER_CreateDirectory
                0x0010b9ec       0xac c:/devkitPro/libctru/lib\libctru.a(fs.o)
                0x0010b9ec                FSUSER_CreateDirectory
 .text.FSUSER_RenameDirectory
                0x0010ba98       0xe0 c:/devkitPro/libctru/lib\libctru.a(fs.o)
                0x0010ba98                FSUSER_RenameDirectory
 .text.FSUSER_OpenDirectory
                0x0010bb78       0xa4 c:/devkitPro/libctru/lib\libctru.a(fs.o)
                0x0010bb78                FSUSER_OpenDirectory
 .text.FSUSER_OpenArchive
                0x0010bc1c       0x9c c:/devkitPro/libctru/lib\libctru.a(fs.o)
                0x0010bc1c                FSUSER_OpenArchive
 .text.FSUSER_CloseArchive
                0x0010bcb8       0x74 c:/devkitPro/libctru/lib\libctru.a(fs.o)
                0x0010bcb8                FSUSER_CloseArchive
 .text.FSUSER_GetSdmcArchiveResource
                0x0010bd2c       0x78 c:/devkitPro/libctru/lib\libctru.a(fs.o)
                0x0010bd2c                FSUSER_GetSdmcArchiveResource
 .text.FSUSER_IsSdmcWritable
                0x0010bda4       0x64 c:/devkitPro/libctru/lib\libctru.a(fs.o)
                0x0010bda4                FSUSER_IsSdmcWritable
 .text.FSFILE_Read
                0x0010be08       0x5c c:/devkitPro/libctru/lib\libctru.a(fs.o)
                0x0010be08                FSFILE_Read
 .text.FSFILE_Write
                0x0010be64       0x64 c:/devkitPro/libctru/lib\libctru.a(fs.o)
                0x0010be64                FSFILE_Write
 .text.FSFILE_GetSize
                0x0010bec8       0x3c c:/devkitPro/libctru/lib\libctru.a(fs.o)
                0x0010bec8                FSFILE_GetSize
 .text.FSFILE_SetSize
                0x0010bf04       0x2c c:/devkitPro/libctru/lib\libctru.a(fs.o)
                0x0010bf04                FSFILE_SetSize
 .text.FSFILE_Close
                0x0010bf30       0x3c c:/devkitPro/libctru/lib\libctru.a(fs.o)
                0x0010bf30                FSFILE_Close
 .text.FSFILE_Flush
                0x0010bf6c       0x24 c:/devkitPro/libctru/lib\libctru.a(fs.o)
                0x0010bf6c                FSFILE_Flush
 .text.FSDIR_Read
                0x0010bf90       0x54 c:/devkitPro/libctru/lib\libctru.a(fs.o)
                0x0010bf90                FSDIR_Read
 .text.FSDIR_Close
                0x0010bfe4       0x3c c:/devkitPro/libctru/lib\libctru.a(fs.o)
                0x0010bfe4                FSDIR_Close
 .text.decode_utf8
                0x0010c020      0x138 c:/devkitPro/libctru/lib\libctru.a(decode_utf8.o)
                0x0010c020                decode_utf8
 .text.utf16_to_utf8
                0x0010c158       0xe4 c:/devkitPro/libctru/lib\libctru.a(utf16_to_utf8.o)
                0x0010c158                utf16_to_utf8
 .text.utf8_to_utf16
                0x0010c23c       0xbc c:/devkitPro/libctru/lib\libctru.a(utf8_to_utf16.o)
                0x0010c23c                utf8_to_utf16
 .text.__aeabi_read_tp
                0x0010c2f8        0xc c:/devkitPro/libctru/lib\libctru.a(readtp.o)
                0x0010c2f8                __aeabi_read_tp
 .text.decode_utf16
                0x0010c304       0x60 c:/devkitPro/libctru/lib\libctru.a(decode_utf16.o)
                0x0010c304                decode_utf16
 .text.encode_utf16
                0x0010c364       0x68 c:/devkitPro/libctru/lib\libctru.a(encode_utf16.o)
                0x0010c364                encode_utf16
 .text.encode_utf8
                0x0010c3cc      0x104 c:/devkitPro/libctru/lib\libctru.a(encode_utf8.o)
                0x0010c3cc                encode_utf8
 .text.bsearch  0x0010c4d0       0x78 c:/devkitpro/devkitarm/bin/../lib/gcc/arm-none-eabi/5.3.0/../../../../arm-none-eabi/lib/armv6k/fpu\libg.a(lib_a-bsearch.o)
                0x0010c4d0                bsearch
 .text.calloc   0x0010c548       0x20 c:/devkitpro/devkitarm/bin/../lib/gcc/arm-none-eabi/5.3.0/../../../../arm-none-eabi/lib/armv6k/fpu\libg.a(lib_a-calloc.o)
                0x0010c548                calloc
 .text._calloc_r
                0x0010c568       0x90 c:/devkitpro/devkitarm/bin/../lib/gcc/arm-none-eabi/5.3.0/../../../../arm-none-eabi/lib/armv6k/fpu\libg.a(lib_a-callocr.o)
                0x0010c568                _calloc_r
 .text.__libc_fini_array
                0x0010c5f8       0x3c c:/devkitpro/devkitarm/bin/../lib/gcc/arm-none-eabi/5.3.0/../../../../arm-none-eabi/lib/armv6k/fpu\libg.a(lib_a-fini.o)
                0x0010c5f8                __libc_fini_array
 .text.__libc_init_array
                0x0010c634       0x78 c:/devkitpro/devkitarm/bin/../lib/gcc/arm-none-eabi/5.3.0/../../../../arm-none-eabi/lib/armv6k/fpu\libg.a(lib_a-init.o)
                0x0010c634                __libc_init_array
 .text.memalign
                0x0010c6ac       0x20 c:/devkitpro/devkitarm/bin/../lib/gcc/arm-none-eabi/5.3.0/../../../../arm-none-eabi/lib/armv6k/fpu\libg.a(lib_a-malign.o)
                0x0010c6ac                memalign
 .text._memalign_r
                0x0010c6cc      0x15c c:/devkitpro/devkitarm/bin/../lib/gcc/arm-none-eabi/5.3.0/../../../../arm-none-eabi/lib/armv6k/fpu\libg.a(lib_a-malignr.o)
                0x0010c6cc                _memalign_r
 .text.malloc   0x0010c828       0x18 c:/devkitpro/devkitarm/bin/../lib/gcc/arm-none-eabi/5.3.0/../../../../arm-none-eabi/lib/armv6k/fpu\libg.a(lib_a-malloc.o)
                0x0010c828                malloc
 .text.free     0x0010c840       0x18 c:/devkitpro/devkitarm/bin/../lib/gcc/arm-none-eabi/5.3.0/../../../../arm-none-eabi/lib/armv6k/fpu\libg.a(lib_a-malloc.o)
                0x0010c840                free
 .text._malloc_r
                0x0010c858      0x7a8 c:/devkitpro/devkitarm/bin/../lib/gcc/arm-none-eabi/5.3.0/../../../../arm-none-eabi/lib/armv6k/fpu\libg.a(lib_a-mallocr.o)
                0x0010c858                _malloc_r
 .text.memcpy   0x0010d000       0xf0 c:/devkitpro/devkitarm/bin/../lib/gcc/arm-none-eabi/5.3.0/../../../../arm-none-eabi/lib/armv6k/fpu\libg.a(lib_a-memcpy.o)
                0x0010d000                memcpy
 .text.memset   0x0010d0f0       0xf4 c:/devkitpro/devkitarm/bin/../lib/gcc/arm-none-eabi/5.3.0/../../../../arm-none-eabi/lib/armv6k/fpu\libg.a(lib_a-memset.o)
                0x0010d0f0                memset
 .text.__malloc_lock
                0x0010d1e4        0xc c:/devkitpro/devkitarm/bin/../lib/gcc/arm-none-eabi/5.3.0/../../../../arm-none-eabi/lib/armv6k/fpu\libg.a(lib_a-mlock.o)
                0x0010d1e4                __malloc_lock
 .text.__malloc_unlock
                0x0010d1f0        0xc c:/devkitpro/devkitarm/bin/../lib/gcc/arm-none-eabi/5.3.0/../../../../arm-none-eabi/lib/armv6k/fpu\libg.a(lib_a-mlock.o)
                0x0010d1f0                __malloc_unlock
 .text.strlen   0x0010d1fc       0x5c c:/devkitpro/devkitarm/bin/../lib/gcc/arm-none-eabi/5.3.0/../../../../arm-none-eabi/lib/armv6k/fpu\libg.a(lib_a-strlen.o)
                0x0010d1fc                strlen
 .text.strncat  0x0010d258       0xa4 c:/devkitpro/devkitarm/bin/../lib/gcc/arm-none-eabi/5.3.0/../../../../arm-none-eabi/lib/armv6k/fpu\libg.a(lib_a-strncat.o)
                0x0010d258                strncat
 .text.strncpy  0x0010d2fc       0xe0 c:/devkitpro/devkitarm/bin/../lib/gcc/arm-none-eabi/5.3.0/../../../../arm-none-eabi/lib/armv6k/fpu\libg.a(lib_a-strncpy.o)
                0x0010d2fc                strncpy
 .text._malloc_trim_r
                0x0010d3dc       0xf8 c:/devkitpro/devkitarm/bin/../lib/gcc/arm-none-eabi/5.3.0/../../../../arm-none-eabi/lib/armv6k/fpu\libg.a(lib_a-freer.o)
                0x0010d3dc                _malloc_trim_r
 .text._free_r  0x0010d4d4      0x2e4 c:/devkitpro/devkitarm/bin/../lib/gcc/arm-none-eabi/5.3.0/../../../../arm-none-eabi/lib/armv6k/fpu\libg.a(lib_a-freer.o)
                0x0010d4d4                _free_r
 .text.strchr   0x0010d7b8      0x15c c:/devkitpro/devkitarm/bin/../lib/gcc/arm-none-eabi/5.3.0/../../../../arm-none-eabi/lib/armv6k/fpu\libg.a(lib_a-strchr.o)
                0x0010d7b8                strchr
 .text.strncmp  0x0010d914      0x11c c:/devkitpro/devkitarm/bin/../lib/gcc/arm-none-eabi/5.3.0/../../../../arm-none-eabi/lib/armv6k/fpu\libg.a(lib_a-strncmp.o)
                0x0010d914                strncmp
 .text.strnlen  0x0010da30       0x5c c:/devkitpro/devkitarm/bin/../lib/gcc/arm-none-eabi/5.3.0/../../../../arm-none-eabi/lib/armv6k/fpu\libg.a(lib_a-strnlen.o)
                0x0010da30                strnlen
 .text.strrchr  0x0010da8c       0x44 c:/devkitpro/devkitarm/bin/../lib/gcc/arm-none-eabi/5.3.0/../../../../arm-none-eabi/lib/armv6k/fpu\libg.a(lib_a-strrchr.o)
                0x0010da8c                strrchr
 *(.glue_7)
 .glue_7        0x0010dad0        0x0 linker stubs
 *(.glue_7t)
 .glue_7t       0x0010dad0        0x0 linker stubs
 *(.stub)
 *(.gnu.warning)
 *(.gnu.linkonce.t*)
                0x0010dad0                . = ALIGN (0x4)
 *(.fini)
 .fini          0x0010dad0        0xc c:/devkitpro/devkitarm/bin/../lib/gcc/arm-none-eabi/5.3.0/armv6k/fpu/crti.o
                0x0010dad0                _fini
 .fini          0x0010dadc        0xc c:/devkitpro/devkitarm/bin/../lib/gcc/arm-none-eabi/5.3.0/armv6k/fpu/crtn.o
                0x0010dae8                . = ALIGN (0x4)

.vfp11_veneer   0x0010dae8        0x0
 .vfp11_veneer  0x0010dae8        0x0 linker stubs

.v4_bx          0x0010dae8        0x0
 .v4_bx         0x0010dae8        0x0 linker stubs

.iplt           0x0010dae8        0x0
 .iplt          0x0010dae8        0x0 c:/devkitpro/devkitarm/bin/../lib/gcc/arm-none-eabi/5.3.0/../../../../arm-none-eabi/lib/armv6k/fpu/3dsx_crt0.o

.rodata         0x0010e000    0x6c064
 *(.rodata)
 .rodata        0x0010e000      0x110 ball_tex.o
                0x0010e000                ball_tex
 .rodata        0x0010e110     0x1010 button_Selector_Tex.o
                0x0010e110                button_Selector_Tex
 .rodata        0x0010f120     0x6010 double_Button_Tex.o
                0x0010f120                double_Button_Tex
 .rodata        0x00115130     0xb8d4 game_title_tex.o
                0x00115130                game_title_tex
 .rodata        0x00120a04    0x4b010 menu_Title_Tex.o
                0x00120a04                menu_Title_Tex
 .rodata        0x0016ba14     0x1e10 midline_Tex.o
                0x0016ba14                midline_Tex
 .rodata        0x0016d824      0x3d0 paddle_tex.o
                0x0016d824                paddle_tex
 .rodata        0x0016dbf4     0x6010 quit_Button_Tex.o
                0x0016dbf4                quit_Button_Tex
 .rodata        0x00173c04     0x6010 single_Button_Tex.o
                0x00173c04                single_Button_Tex
 .rodata        0x00179c14       0x10 c:/devkitPro/libctru/lib\libsf2d.a(sf2d_texture.o)
 .rodata        0x00179c24      0x150 c:/devkitPro/libctru/lib\libsf2d.a(shader.shbin.o)
                0x00179c24                shader_shbin
                0x00179d70                shader_shbin_end
                0x00179d70                shader_shbin_size
 .rodata        0x00179d74        0x4 c:/devkitPro/libctru/lib\libcitro3d.a(base.o)
 .rodata        0x00179d78       0x10 c:/devkitPro/libctru/lib\libcitro3d.a(renderbuffer.o)
 .rodata        0x00179d88       0x38 c:/devkitPro/libctru/lib\libcitro3d.a(texture.o)
 .rodata        0x00179dc0       0x1c c:/devkitPro/libctru/lib\libctru.a(gfx.o)
 .rodata        0x00179ddc       0x24 c:/devkitPro/libctru/lib\libctru.a(shbin.o)
 .rodata        0x00179e00        0xc c:/devkitPro/libctru/lib\libctru.a(apt.o)
 .rodata        0x00179e0c       0x3c c:/devkitPro/libctru/lib\libctru.a(sdmc_dev.o)
 .rodata        0x00179e48       0x68 c:/devkitpro/devkitarm/bin/../lib/gcc/arm-none-eabi/5.3.0/../../../../arm-none-eabi/lib/armv6k/fpu\libsysbase.a(iosupport.o)
                0x00179e48                dotab_stdnull
 .rodata        0x00179eb0        0xc c:/devkitpro/devkitarm/bin/../lib/gcc/arm-none-eabi/5.3.0/../../../../arm-none-eabi/lib/armv6k/fpu\libsysbase.a(chdir.o)
                0x00179eb0                DIRECTORY_PARENT
                0x00179eb4                DIRECTORY_THIS
                0x00179eb8                DIRECTORY_SEPARATOR
 *(.roda)
 *(.rodata.*)
 .rodata.str1.4
                0x00179ebc       0x25 c:/devkitPro/libctru/lib\libsf2d.a(sf2d.o)
                                 0x28 (size before relaxing)
 *fill*         0x00179ee1        0x3 
 .rodata.str1.4
                0x00179ee4       0x16 c:/devkitPro/libctru/lib\libctru.a(apt.o)
                                 0x18 (size before relaxing)
 *fill*         0x00179efa        0x2 
 .rodata.str1.4
                0x00179efc        0x9 c:/devkitPro/libctru/lib\libctru.a(gspgpu.o)
                                  0xc (size before relaxing)
 *fill*         0x00179f05        0x3 
 .rodata.str1.4
                0x00179f08       0x15 c:/devkitPro/libctru/lib\libctru.a(hid.o)
                                 0x18 (size before relaxing)
 *fill*         0x00179f1d        0x3 
 .rodata.str1.4
                0x00179f20        0x7 c:/devkitPro/libctru/lib\libctru.a(irrst.o)
                                  0x8 (size before relaxing)
 *fill*         0x00179f27        0x1 
 .rodata.str1.4
                0x00179f28        0x9 c:/devkitPro/libctru/lib\libctru.a(ptmsysm.o)
                                  0xc (size before relaxing)
 *fill*         0x00179f31        0x3 
 .rodata.str1.4
                0x00179f34        0x5 c:/devkitPro/libctru/lib\libctru.a(srv.o)
                                  0x8 (size before relaxing)
 *fill*         0x00179f39        0x3 
 .rodata.str1.4
                0x00179f3c        0x2 c:/devkitPro/libctru/lib\libctru.a(thread.o)
                                  0x4 (size before relaxing)
 *fill*         0x00179f3e        0x2 
 .rodata.str1.4
                0x00179f40        0xd c:/devkitPro/libctru/lib\libctru.a(sdmc_dev.o)
                                 0x14 (size before relaxing)
 *fill*         0x00179f4d        0x3 
 .rodata.str1.4
                0x00179f50        0x8 c:/devkitPro/libctru/lib\libctru.a(fs.o)
                                  0xc (size before relaxing)
 .rodata.str1.4
                0x00179f58        0x4 c:/devkitpro/devkitarm/bin/../lib/gcc/arm-none-eabi/5.3.0/../../../../arm-none-eabi/lib/armv6k/fpu\libg.a(lib_a-impure.o)
 .rodata.str1.4
                0x00179f58        0x8 c:/devkitpro/devkitarm/bin/../lib/gcc/arm-none-eabi/5.3.0/../../../../arm-none-eabi/lib/armv6k/fpu\libsysbase.a(iosupport.o)
 .rodata._ctype_
                0x00179f60      0x104 c:/devkitpro/devkitarm/bin/../lib/gcc/arm-none-eabi/5.3.0/../../../../arm-none-eabi/lib/armv6k/fpu\libg.a(lib_a-ctype_.o)
                0x00179f60                _ctype_
 *all.rodata*(*)
 *(.gnu.linkonce.r*)
                0x0017a064                . = ALIGN (0x4)

.eh_frame       0x0017a064        0x0
 .eh_frame      0x0017a064        0x0 c:/devkitpro/devkitarm/bin/../lib/gcc/arm-none-eabi/5.3.0/armv6k/fpu/crtbegin.o

.rel.dyn        0x0017a064        0x0
 .rel.iplt      0x0017a064        0x0 c:/devkitpro/devkitarm/bin/../lib/gcc/arm-none-eabi/5.3.0/../../../../arm-none-eabi/lib/armv6k/fpu/3dsx_crt0.o

.ARM.extab
 *(.ARM.extab* .gnu.linkonce.armextab.*)
                0x0017a064                __exidx_start = .

ARM.exidx
 *(.ARM.exidx* .gnu.linkonce.armexidx.*)
                0x0017a064                __exidx_end = .

.data           0x0017b000     0x1d3c
 *(.data)
 .data          0x0017b000       0x10 c:/devkitPro/libctru/lib\libsf2d.a(sf2d.o)
 .data          0x0017b010        0xc c:/devkitPro/libctru/lib\libctru.a(gfx.o)
 .data          0x0017b01c        0x4 c:/devkitPro/libctru/lib\libctru.a(apt.o)
 .data          0x0017b020        0x4 c:/devkitPro/libctru/lib\libctru.a(gspgpu.o)
 .data          0x0017b024        0x4 c:/devkitPro/libctru/lib\libctru.a(stack_adjust.o)
                0x0017b024                __stacksize__
 .data          0x0017b028      0x46c c:/devkitPro/libctru/lib\libctru.a(sdmc_dev.o)
 .data          0x0017b494       0x44 c:/devkitpro/devkitarm/bin/../lib/gcc/arm-none-eabi/5.3.0/../../../../arm-none-eabi/lib/armv6k/fpu\libsysbase.a(iosupport.o)
                0x0017b498                devoptab_list
 .data          0x0017b4d8     0x1000 c:/devkitpro/devkitarm/bin/../lib/gcc/arm-none-eabi/5.3.0/../../../../arm-none-eabi/lib/armv6k/fpu\libsysbase.a(chdir.o)
 *(.data.*)
 .data.impure_data
                0x0017c4d8      0x440 c:/devkitpro/devkitarm/bin/../lib/gcc/arm-none-eabi/5.3.0/../../../../arm-none-eabi/lib/armv6k/fpu\libg.a(lib_a-impure.o)
 .data._impure_ptr
                0x0017c918        0x4 c:/devkitpro/devkitarm/bin/../lib/gcc/arm-none-eabi/5.3.0/../../../../arm-none-eabi/lib/armv6k/fpu\libg.a(lib_a-impure.o)
                0x0017c918                _impure_ptr
 .data.__malloc_av_
                0x0017c91c      0x408 c:/devkitpro/devkitarm/bin/../lib/gcc/arm-none-eabi/5.3.0/../../../../arm-none-eabi/lib/armv6k/fpu\libg.a(lib_a-mallocr.o)
                0x0017c91c                __malloc_av_
 .data.__malloc_trim_threshold
                0x0017cd24        0x4 c:/devkitpro/devkitarm/bin/../lib/gcc/arm-none-eabi/5.3.0/../../../../arm-none-eabi/lib/armv6k/fpu\libg.a(lib_a-mallocr.o)
                0x0017cd24                __malloc_trim_threshold
 .data.__malloc_sbrk_base
                0x0017cd28        0x4 c:/devkitpro/devkitarm/bin/../lib/gcc/arm-none-eabi/5.3.0/../../../../arm-none-eabi/lib/armv6k/fpu\libg.a(lib_a-mallocr.o)
                0x0017cd28                __malloc_sbrk_base
 .data.__malloc_lock_object
                0x0017cd2c        0xc c:/devkitpro/devkitarm/bin/../lib/gcc/arm-none-eabi/5.3.0/../../../../arm-none-eabi/lib/armv6k/fpu\libg.a(lib_a-mlock.o)
 .data.__ctype_ptr__
                0x0017cd38        0x4 c:/devkitpro/devkitarm/bin/../lib/gcc/arm-none-eabi/5.3.0/../../../../arm-none-eabi/lib/armv6k/fpu\libg.a(lib_a-ctype_.o)
                0x0017cd38                __ctype_ptr__
 *(.gnu.linkonce.d*)
                0x0017cd3c                . = ALIGN (0x4)

.igot.plt       0x0017cd3c        0x0
 .igot.plt      0x0017cd3c        0x0 c:/devkitpro/devkitarm/bin/../lib/gcc/arm-none-eabi/5.3.0/../../../../arm-none-eabi/lib/armv6k/fpu/3dsx_crt0.o

.jcr            0x0017cd3c        0x0
 .jcr           0x0017cd3c        0x0 c:/devkitpro/devkitarm/bin/../lib/gcc/arm-none-eabi/5.3.0/armv6k/fpu/crtbegin.o

.tm_clone_table
                0x0017cd3c        0x0
 .tm_clone_table
                0x0017cd3c        0x0 c:/devkitpro/devkitarm/bin/../lib/gcc/arm-none-eabi/5.3.0/armv6k/fpu/crtbegin.o
 .tm_clone_table
                0x0017cd3c        0x0 c:/devkitpro/devkitarm/bin/../lib/gcc/arm-none-eabi/5.3.0/armv6k/fpu/crtend.o
                0x0017cd3c                __TMC_END__

.tdata          0x0017cd3c        0x0
                0x0017cd3c                __tdata_lma = .
 *(.tdata)
 *(.tdata.*)
 *(.gnu.linkonce.td.*)
                0x0017cd3c                . = ALIGN (0x4)
                0x0017cd3c                __tdata_lma_end = .

.tbss           0x0017cd3c     0x340c
 *(.tbss)
 .tbss          0x0017cd3c     0x340c c:/devkitPro/libctru/lib\libctru.a(sdmc_dev.o)
 *(.tbss.*)
 *(.gnu.linkonce.tb.*)
 *(.tcommon)
                0x00180148                . = ALIGN (0x4)

.preinit_array  0x0017cd3c        0x0
                0x0017cd3c                PROVIDE (__preinit_array_start, .)
 *(.preinit_array)
                0x0017cd3c                PROVIDE (__preinit_array_end, .)

.init_array     0x0017cd3c        0x4
                0x0017cd3c                PROVIDE (__init_array_start, .)
 *(SORT(.init_array.*))
 *(.init_array)
 .init_array    0x0017cd3c        0x4 c:/devkitpro/devkitarm/bin/../lib/gcc/arm-none-eabi/5.3.0/armv6k/fpu/crtbegin.o
                0x0017cd40                PROVIDE (__init_array_end, .)

.fini_array     0x0017cd40        0x4
                0x0017cd40                PROVIDE (__fini_array_start, .)
 *(.fini_array)
 .fini_array    0x0017cd40        0x4 c:/devkitpro/devkitarm/bin/../lib/gcc/arm-none-eabi/5.3.0/armv6k/fpu/crtbegin.o
 *(SORT(.fini_array.*))
                0x0017cd44                PROVIDE (__fini_array_end, .)

.ctors
 *crtbegin.o(.ctors)
 *(EXCLUDE_FILE(*crtend.o) .ctors)
 *(SORT(.ctors.*))
 *(.ctors)

.dtors
 *crtbegin.o(.dtors)
 *(EXCLUDE_FILE(*crtend.o) .dtors)
 *(SORT(.dtors.*))
 *(.dtors)
                0x0017cd44                __bss_start__ = .

.bss            0x0017cd44     0x68c8
 *(.dynbss)
 *(.bss)
 .bss           0x0017cd44       0x1c c:/devkitpro/devkitarm/bin/../lib/gcc/arm-none-eabi/5.3.0/armv6k/fpu/crtbegin.o
 .bss           0x0017cd60       0x50 c:/devkitPro/libctru/lib\libsf2d.a(sf2d.o)
 .bss           0x0017cdb0        0xc c:/devkitPro/libctru/lib\libcitro3d.a(base.o)
 .bss           0x0017cdbc       0x98 c:/devkitPro/libctru/lib\libcitro3d.a(renderqueue.o)
 .bss           0x0017ce54       0xe0 c:/devkitPro/libctru/lib\libcitro3d.a(uniforms.o)
 .bss           0x0017cf34       0x14 c:/devkitPro/libctru/lib\libctru.a(linear.o)
 .bss           0x0017cf48       0x14 c:/devkitPro/libctru/lib\libctru.a(vram.o)
 .bss           0x0017cf5c        0xc c:/devkitPro/libctru/lib\libctru.a(gfx.o)
 .bss           0x0017cf68        0x1 c:/devkitPro/libctru/lib\libctru.a(os.o)
                0x0017cf68                __ctru_speedup
 *fill*         0x0017cf69        0x3 
 .bss           0x0017cf6c     0x1040 c:/devkitPro/libctru/lib\libctru.a(apt.o)
 .bss           0x0017dfac       0xa8 c:/devkitPro/libctru/lib\libctru.a(gspgpu.o)
 .bss           0x0017e054       0x2c c:/devkitPro/libctru/lib\libctru.a(hid.o)
 .bss           0x0017e080        0xc c:/devkitPro/libctru/lib\libctru.a(irrst.o)
 .bss           0x0017e08c        0x8 c:/devkitPro/libctru/lib\libctru.a(ptmsysm.o)
 .bss           0x0017e094        0x8 c:/devkitPro/libctru/lib\libctru.a(stack_adjust.o)
 .bss           0x0017e09c       0x14 c:/devkitPro/libctru/lib\libctru.a(mappable.o)
 .bss           0x0017e0b0        0x8 c:/devkitPro/libctru/lib\libctru.a(srv.o)
 .bss           0x0017e0b8        0x4 c:/devkitPro/libctru/lib\libctru.a(synchronization.o)
 *fill*         0x0017e0bc        0x4 
 .bss           0x0017e0c0       0x10 c:/devkitPro/libctru/lib\libctru.a(sdmc_dev.o)
 .bss           0x0017e0d0       0x88 c:/devkitPro/libctru/lib\libctru.a(fs.o)
 .bss           0x0017e158        0x4 c:/devkitpro/devkitarm/bin/../lib/gcc/arm-none-eabi/5.3.0/../../../../arm-none-eabi/lib/armv6k/fpu\libsysbase.a(sbrk.o)
 .bss           0x0017e15c        0x8 c:/devkitpro/devkitarm/bin/../lib/gcc/arm-none-eabi/5.3.0/../../../../arm-none-eabi/lib/armv6k/fpu\libsysbase.a(malloc_vars.o)
                0x0017e15c                fake_heap_start
                0x0017e160                fake_heap_end
 .bss           0x0017e164     0x1000 c:/devkitpro/devkitarm/bin/../lib/gcc/arm-none-eabi/5.3.0/../../../../arm-none-eabi/lib/armv6k/fpu\libsysbase.a(chdir.o)
 .bss           0x0017f164       0x38 c:/devkitpro/devkitarm/bin/../lib/gcc/arm-none-eabi/5.3.0/../../../../arm-none-eabi/lib/armv6k/fpu\libsysbase.a(syscall_support.o)
                0x0017f164                __syscalls
 *(.bss.*)
 .bss.__malloc_max_total_mem
                0x0017f19c        0x4 c:/devkitpro/devkitarm/bin/../lib/gcc/arm-none-eabi/5.3.0/../../../../arm-none-eabi/lib/armv6k/fpu\libg.a(lib_a-mallocr.o)
                0x0017f19c                __malloc_max_total_mem
 .bss.__malloc_max_sbrked_mem
                0x0017f1a0        0x4 c:/devkitpro/devkitarm/bin/../lib/gcc/arm-none-eabi/5.3.0/../../../../arm-none-eabi/lib/armv6k/fpu\libg.a(lib_a-mallocr.o)
                0x0017f1a0                __malloc_max_sbrked_mem
 .bss.__malloc_top_pad
                0x0017f1a4        0x4 c:/devkitpro/devkitarm/bin/../lib/gcc/arm-none-eabi/5.3.0/../../../../arm-none-eabi/lib/armv6k/fpu\libg.a(lib_a-mallocr.o)
                0x0017f1a4                __malloc_top_pad
 .bss.__malloc_current_mallinfo
                0x0017f1a8       0x28 c:/devkitpro/devkitarm/bin/../lib/gcc/arm-none-eabi/5.3.0/../../../../arm-none-eabi/lib/armv6k/fpu\libg.a(lib_a-mallocr.o)
                0x0017f1a8                __malloc_current_mallinfo
 *(.gnu.linkonce.b*)
 *(COMMON)
 COMMON         0x0017f1d0        0x1 button.o
                0x0017f1d0                Cur_State
 *fill*         0x0017f1d1        0x3 
 COMMON         0x0017f1d4        0x4 main.o
                0x0017f1d4                touchPos
 COMMON         0x0017f1d8      0x278 c:/devkitPro/libctru/lib\libcitro3d.a(base.o)
                0x0017f1d8                __C3D_Context
 COMMON         0x0017f450      0xcf0 c:/devkitPro/libctru/lib\libcitro3d.a(uniforms.o)
                0x0017f450                C3D_IVUnif
                0x0017f470                C3D_FVUnifDirty
                0x0017f530                C3D_BoolUnifsDirty
                0x0017f534                C3D_IVUnifDirty
                0x0017f53c                C3D_BoolUnifs
                0x0017f540                C3D_FVUnif
 COMMON         0x00180140       0x60 c:/devkitPro/libctru/lib\libctru.a(gfx.o)
                0x00180140                gfxBottomFramebuffers
                0x00180148                gspSharedMemHandle
                0x0018014c                bottomFramebufferInfo
                0x00180168                gspEvent
                0x0018016c                gfxTopLeftFramebuffers
                0x00180174                gfxTopRightFramebuffers
                0x0018017c                topFramebufferInfo
                0x00180198                gfxThreadID
                0x0018019c                gfxSharedMemory
 COMMON         0x001801a0        0xc c:/devkitPro/libctru/lib\libctru.a(gpu.o)
                0x001801a0                gpuCmdBuf
                0x001801a4                gpuCmdBufOffset
                0x001801a8                gpuCmdBufSize
 COMMON         0x001801ac        0x4 c:/devkitPro/libctru/lib\libctru.a(gx.o)
                0x001801ac                gxCmdBuf
 COMMON         0x001801b0        0x4 c:/devkitPro/libctru/lib\libctru.a(gspgpu.o)
                0x001801b0                gspGpuHandle
 COMMON         0x001801b4       0x20 c:/devkitPro/libctru/lib\libctru.a(hid.o)
                0x001801b4                hidMemHandle
                0x001801b8                hidHandle
                0x001801bc                hidSharedMem
                0x001801c0                hidEvents
 COMMON         0x001801d4       0x10 c:/devkitPro/libctru/lib\libctru.a(irrst.o)
                0x001801d4                irrstHandle
                0x001801d8                irrstEvent
                0x001801dc                irrstMemHandle
                0x001801e0                irrstSharedMem
 COMMON         0x001801e4       0x10 c:/devkitPro/libctru/lib\libctru.a(allocateHeaps.o)
                0x001801e4                __ctru_heap_size
                0x001801e8                __ctru_linear_heap
                0x001801ec                __ctru_heap
                0x001801f0                __ctru_linear_heap_size
 COMMON         0x001801f4        0x8 c:/devkitPro/libctru/lib\libctru.a(initArgv.o)
                0x001801f4                __system_argv
                0x001801f8                __system_argc
 COMMON         0x001801fc        0x4 c:/devkitPro/libctru/lib\libctru.a(initSystem.o)
                0x001801fc                __system_retAddr
                0x00180200                . = ALIGN (0x4)
                0x00180200                __tls_start = .
                0x0018360c                . = (. + (SIZEOF (.tdata) + SIZEOF (.tbss)))
 *fill*         0x00180200     0x340c 
                0x0018360c                __tls_end = .
                0x0018360c                __bss_end__ = .
                0x0018360c                __end__ = ABSOLUTE (.)

/DISCARD/
 *(.group .comment .note)

.stab
 *(.stab)

.stabstr
 *(.stabstr)

.stab.excl
 *(.stab.excl)

.stab.exclstr
 *(.stab.exclstr)

.stab.index
 *(.stab.index)

.stab.indexstr
 *(.stab.indexstr)

.debug
 *(.debug)

.line
 *(.line)

.debug_srcinfo
 *(.debug_srcinfo)

.debug_sfnames
 *(.debug_sfnames)

.debug_aranges  0x00000000     0x1b40
 *(.debug_aranges)
 .debug_aranges
                0x00000000       0x20 ball.o
 .debug_aranges
                0x00000020       0x18 ball_tex.o
 .debug_aranges
                0x00000038       0x20 button.o
 .debug_aranges
                0x00000058       0x18 button_Selector_Tex.o
 .debug_aranges
                0x00000070       0x18 double_Button_Tex.o
 .debug_aranges
                0x00000088       0x18 game_title_tex.o
 .debug_aranges
                0x000000a0       0x20 main.o
 .debug_aranges
                0x000000c0       0x20 menu.o
 .debug_aranges
                0x000000e0       0x18 menu_Title_Tex.o
 .debug_aranges
                0x000000f8       0x18 midline_Tex.o
 .debug_aranges
                0x00000110       0x20 paddle.o
 .debug_aranges
                0x00000130       0x18 paddle_tex.o
 .debug_aranges
                0x00000148       0x18 quit_Button_Tex.o
 .debug_aranges
                0x00000160       0x18 single_Button_Tex.o
 .debug_aranges
                0x00000178       0x20 two_player_mode.o
 .debug_aranges
                0x00000198       0xc0 c:/devkitPro/libctru/lib\libsf2d.a(sf2d.o)
 .debug_aranges
                0x00000258      0x148 c:/devkitPro/libctru/lib\libsf2d.a(sf2d_texture.o)
 .debug_aranges
                0x000003a0       0x48 c:/devkitPro/libctru/lib\libcitro3d.a(attribs.o)
 .debug_aranges
                0x000003e8       0x70 c:/devkitPro/libctru/lib\libcitro3d.a(base.o)
 .debug_aranges
                0x00000458       0x40 c:/devkitPro/libctru/lib\libcitro3d.a(buffers.o)
 .debug_aranges
                0x00000498       0x20 c:/devkitPro/libctru/lib\libcitro3d.a(drawArrays.o)
 .debug_aranges
                0x000004b8       0x70 c:/devkitPro/libctru/lib\libcitro3d.a(effect.o)
 .debug_aranges
                0x00000528       0x30 c:/devkitPro/libctru/lib\libcitro3d.a(immediate.o)
 .debug_aranges
                0x00000558       0x48 c:/devkitPro/libctru/lib\libcitro3d.a(renderbuffer.o)
 .debug_aranges
                0x000005a0       0xe0 c:/devkitPro/libctru/lib\libcitro3d.a(renderqueue.o)
 .debug_aranges
                0x00000680       0x48 c:/devkitPro/libctru/lib\libcitro3d.a(texenv.o)
 .debug_aranges
                0x000006c8       0x58 c:/devkitPro/libctru/lib\libcitro3d.a(texture.o)
 .debug_aranges
                0x00000720       0x38 c:/devkitPro/libctru/lib\libcitro3d.a(uniforms.o)
 .debug_aranges
                0x00000758       0x20 c:/devkitPro/libctru/lib\libcitro3d.a(mtx_orthotilt.o)
 .debug_aranges
                0x00000778       0x20 c:/devkitPro/libctru/lib\libcitro3d.a(mtx_identity.o)
 .debug_aranges
                0x00000798       0x20 c:/devkitPro/libctru/lib\libcitro3d.a(mtx_multiply.o)
 .debug_aranges
                0x000007b8       0x50 c:/devkitPro/libctru/lib\libctru.a(linear.o)
 .debug_aranges
                0x00000808       0x38 c:/devkitPro/libctru/lib\libctru.a(mem_pool.o)
 .debug_aranges
                0x00000840       0x50 c:/devkitPro/libctru/lib\libctru.a(vram.o)
 .debug_aranges
                0x00000890       0xa0 c:/devkitPro/libctru/lib\libctru.a(gfx.o)
 .debug_aranges
                0x00000930       0x68 c:/devkitPro/libctru/lib\libctru.a(os.o)
 .debug_aranges
                0x00000998       0x78 c:/devkitPro/libctru/lib\libctru.a(gpu.o)
 .debug_aranges
                0x00000a10       0x48 c:/devkitPro/libctru/lib\libctru.a(gx.o)
 .debug_aranges
                0x00000a58       0x98 c:/devkitPro/libctru/lib\libctru.a(shaderProgram.o)
 .debug_aranges
                0x00000af0       0x38 c:/devkitPro/libctru/lib\libctru.a(shbin.o)
 .debug_aranges
                0x00000b28      0x1d8 c:/devkitPro/libctru/lib\libctru.a(apt.o)
 .debug_aranges
                0x00000d00       0xd8 c:/devkitPro/libctru/lib\libctru.a(gspgpu.o)
 .debug_aranges
                0x00000dd8       0xb0 c:/devkitPro/libctru/lib\libctru.a(hid.o)
 .debug_aranges
                0x00000e88       0x68 c:/devkitPro/libctru/lib\libctru.a(irrst.o)
 .debug_aranges
                0x00000ef0       0x30 c:/devkitPro/libctru/lib\libctru.a(ptmsysm.o)
 .debug_aranges
                0x00000f20       0x20 c:/devkitPro/libctru/lib\libctru.a(rbtree_find.o)
 .debug_aranges
                0x00000f40       0x20 c:/devkitPro/libctru/lib\libctru.a(rbtree_init.o)
 .debug_aranges
                0x00000f60       0x30 c:/devkitPro/libctru/lib\libctru.a(rbtree_insert.o)
 .debug_aranges
                0x00000f90       0x20 c:/devkitPro/libctru/lib\libctru.a(rbtree_remove.o)
 .debug_aranges
                0x00000fb0       0x20 c:/devkitPro/libctru/lib\libctru.a(rbtree_rotate.o)
 .debug_aranges
                0x00000fd0       0x28 c:/devkitPro/libctru/lib\libctru.a(allocateHeaps.o)
 .debug_aranges
                0x00000ff8       0x20 c:/devkitPro/libctru/lib\libctru.a(initArgv.o)
 .debug_aranges
                0x00001018       0x20 c:/devkitPro/libctru/lib\libctru.a(initSystem.o)
 .debug_aranges
                0x00001038       0x28 c:/devkitPro/libctru/lib\libctru.a(syscalls.o)
 .debug_aranges
                0x00001060      0x290 c:/devkitPro/libctru/lib\libctru.a(svc.o)
 .debug_aranges
                0x000012f0       0x20 c:/devkitPro/libctru/lib\libctru.a(stack_adjust.o)
 .debug_aranges
                0x00001310       0x40 c:/devkitPro/libctru/lib\libctru.a(mappable.o)
 .debug_aranges
                0x00001350       0x28 c:/devkitPro/libctru/lib\libctru.a(env.o)
 .debug_aranges
                0x00001378       0xa8 c:/devkitPro/libctru/lib\libctru.a(srv.o)
 .debug_aranges
                0x00001420       0xa8 c:/devkitPro/libctru/lib\libctru.a(synchronization.o)
 .debug_aranges
                0x000014c8       0x58 c:/devkitPro/libctru/lib\libctru.a(thread.o)
 .debug_aranges
                0x00001520       0x28 c:/devkitPro/libctru/lib\libctru.a(rbtree_iterator.o)
 .debug_aranges
                0x00001548       0x20 c:/devkitPro/libctru/lib\libctru.a(appExit.o)
 .debug_aranges
                0x00001568       0x20 c:/devkitPro/libctru/lib\libctru.a(appInit.o)
 .debug_aranges
                0x00001588       0x20 c:/devkitPro/libctru/lib\libctru.a(ctru_exit.o)
 .debug_aranges
                0x000015a8      0x108 c:/devkitPro/libctru/lib\libctru.a(sdmc_dev.o)
 .debug_aranges
                0x000016b0      0x3b0 c:/devkitPro/libctru/lib\libctru.a(fs.o)
 .debug_aranges
                0x00001a60       0x20 c:/devkitPro/libctru/lib\libctru.a(decode_utf8.o)
 .debug_aranges
                0x00001a80       0x20 c:/devkitPro/libctru/lib\libctru.a(utf16_to_utf8.o)
 .debug_aranges
                0x00001aa0       0x20 c:/devkitPro/libctru/lib\libctru.a(utf8_to_utf16.o)
 .debug_aranges
                0x00001ac0       0x20 c:/devkitPro/libctru/lib\libctru.a(readtp.o)
 .debug_aranges
                0x00001ae0       0x20 c:/devkitPro/libctru/lib\libctru.a(decode_utf16.o)
 .debug_aranges
                0x00001b00       0x20 c:/devkitPro/libctru/lib\libctru.a(encode_utf16.o)
 .debug_aranges
                0x00001b20       0x20 c:/devkitPro/libctru/lib\libctru.a(encode_utf8.o)

.debug_pubnames
 *(.debug_pubnames)

.debug_info     0x00000000    0x3972d
 *(.debug_info)
 .debug_info    0x00000000      0xb5c ball.o
 .debug_info    0x00000b5c       0x90 ball_tex.o
 .debug_info    0x00000bec      0x9ef button.o
 .debug_info    0x000015db       0x90 button_Selector_Tex.o
 .debug_info    0x0000166b       0x90 double_Button_Tex.o
 .debug_info    0x000016fb       0x90 game_title_tex.o
 .debug_info    0x0000178b      0xd72 main.o
 .debug_info    0x000024fd     0x1030 menu.o
 .debug_info    0x0000352d       0x94 menu_Title_Tex.o
 .debug_info    0x000035c1       0x90 midline_Tex.o
 .debug_info    0x00003651      0x920 paddle.o
 .debug_info    0x00003f71       0x90 paddle_tex.o
 .debug_info    0x00004001       0x90 quit_Button_Tex.o
 .debug_info    0x00004091       0x90 single_Button_Tex.o
 .debug_info    0x00004121      0xe8d two_player_mode.o
 .debug_info    0x00004fae     0x19b0 c:/devkitPro/libctru/lib\libsf2d.a(sf2d.o)
 .debug_info    0x0000695e     0x542c c:/devkitPro/libctru/lib\libsf2d.a(sf2d_texture.o)
 .debug_info    0x0000bd8a     0x148c c:/devkitPro/libctru/lib\libcitro3d.a(attribs.o)
 .debug_info    0x0000d216     0x2543 c:/devkitPro/libctru/lib\libcitro3d.a(base.o)
 .debug_info    0x0000f759     0x1459 c:/devkitPro/libctru/lib\libcitro3d.a(buffers.o)
 .debug_info    0x00010bb2     0x15bd c:/devkitPro/libctru/lib\libcitro3d.a(drawArrays.o)
 .debug_info    0x0001216f     0x1a8b c:/devkitPro/libctru/lib\libcitro3d.a(effect.o)
 .debug_info    0x00013bfa     0x171c c:/devkitPro/libctru/lib\libcitro3d.a(immediate.o)
 .debug_info    0x00015316     0x19f1 c:/devkitPro/libctru/lib\libcitro3d.a(renderbuffer.o)
 .debug_info    0x00016d07     0x2386 c:/devkitPro/libctru/lib\libcitro3d.a(renderqueue.o)
 .debug_info    0x0001908d     0x146f c:/devkitPro/libctru/lib\libcitro3d.a(texenv.o)
 .debug_info    0x0001a4fc     0x16ac c:/devkitPro/libctru/lib\libcitro3d.a(texture.o)
 .debug_info    0x0001bba8      0xc5e c:/devkitPro/libctru/lib\libcitro3d.a(uniforms.o)
 .debug_info    0x0001c806      0x6f4 c:/devkitPro/libctru/lib\libcitro3d.a(mtx_orthotilt.o)
 .debug_info    0x0001cefa      0x5ea c:/devkitPro/libctru/lib\libcitro3d.a(mtx_identity.o)
 .debug_info    0x0001d4e4      0x5d4 c:/devkitPro/libctru/lib\libcitro3d.a(mtx_multiply.o)
 .debug_info    0x0001dab8      0x8d9 c:/devkitPro/libctru/lib\libctru.a(linear.o)
 .debug_info    0x0001e391      0x8a8 c:/devkitPro/libctru/lib\libctru.a(mem_pool.o)
 .debug_info    0x0001ec39      0x8c3 c:/devkitPro/libctru/lib\libctru.a(vram.o)
 .debug_info    0x0001f4fc      0xc1c c:/devkitPro/libctru/lib\libctru.a(gfx.o)
 .debug_info    0x00020118      0xd4e c:/devkitPro/libctru/lib\libctru.a(os.o)
 .debug_info    0x00020e66      0x70c c:/devkitPro/libctru/lib\libctru.a(gpu.o)
 .debug_info    0x00021572      0x455 c:/devkitPro/libctru/lib\libctru.a(gx.o)
 .debug_info    0x000219c7     0x1340 c:/devkitPro/libctru/lib\libctru.a(shaderProgram.o)
 .debug_info    0x00022d07      0x70a c:/devkitPro/libctru/lib\libctru.a(shbin.o)
 .debug_info    0x00023411     0x35b0 c:/devkitPro/libctru/lib\libctru.a(apt.o)
 .debug_info    0x000269c1     0x14cc c:/devkitPro/libctru/lib\libctru.a(gspgpu.o)
 .debug_info    0x00027e8d      0xde4 c:/devkitPro/libctru/lib\libctru.a(hid.o)
 .debug_info    0x00028c71      0x859 c:/devkitPro/libctru/lib\libctru.a(irrst.o)
 .debug_info    0x000294ca      0x29f c:/devkitPro/libctru/lib\libctru.a(ptmsysm.o)
 .debug_info    0x00029769      0x1d0 c:/devkitPro/libctru/lib\libctru.a(rbtree_find.o)
 .debug_info    0x00029939      0x17f c:/devkitPro/libctru/lib\libctru.a(rbtree_init.o)
 .debug_info    0x00029ab8      0x5ef c:/devkitPro/libctru/lib\libctru.a(rbtree_insert.o)
 .debug_info    0x0002a0a7      0x7cf c:/devkitPro/libctru/lib\libctru.a(rbtree_remove.o)
 .debug_info    0x0002a876      0x2b2 c:/devkitPro/libctru/lib\libctru.a(rbtree_rotate.o)
 .debug_info    0x0002ab28      0x469 c:/devkitPro/libctru/lib\libctru.a(allocateHeaps.o)
 .debug_info    0x0002af91      0x1d2 c:/devkitPro/libctru/lib\libctru.a(initArgv.o)
 .debug_info    0x0002b163      0x1c0 c:/devkitPro/libctru/lib\libctru.a(initSystem.o)
 .debug_info    0x0002b323      0xd0f c:/devkitPro/libctru/lib\libctru.a(syscalls.o)
 .debug_info    0x0002c032       0xa9 c:/devkitPro/libctru/lib\libctru.a(svc.o)
 .debug_info    0x0002c0db       0xbd c:/devkitPro/libctru/lib\libctru.a(stack_adjust.o)
 .debug_info    0x0002c198      0x834 c:/devkitPro/libctru/lib\libctru.a(mappable.o)
 .debug_info    0x0002c9cc      0x271 c:/devkitPro/libctru/lib\libctru.a(env.o)
 .debug_info    0x0002cc3d      0xc9f c:/devkitPro/libctru/lib\libctru.a(srv.o)
 .debug_info    0x0002d8dc     0x10ce c:/devkitPro/libctru/lib\libctru.a(synchronization.o)
 .debug_info    0x0002e9aa     0x100b c:/devkitPro/libctru/lib\libctru.a(thread.o)
 .debug_info    0x0002f9b5      0x2ee c:/devkitPro/libctru/lib\libctru.a(rbtree_iterator.o)
 .debug_info    0x0002fca3       0xf7 c:/devkitPro/libctru/lib\libctru.a(appExit.o)
 .debug_info    0x0002fd9a       0xf7 c:/devkitPro/libctru/lib\libctru.a(appInit.o)
 .debug_info    0x0002fe91      0x25b c:/devkitPro/libctru/lib\libctru.a(ctru_exit.o)
 .debug_info    0x000300ec     0x29e5 c:/devkitPro/libctru/lib\libctru.a(sdmc_dev.o)
 .debug_info    0x00032ad1     0x63c7 c:/devkitPro/libctru/lib\libctru.a(fs.o)
 .debug_info    0x00038e98      0x143 c:/devkitPro/libctru/lib\libctru.a(decode_utf8.o)
 .debug_info    0x00038fdb      0x1c0 c:/devkitPro/libctru/lib\libctru.a(utf16_to_utf8.o)
 .debug_info    0x0003919b      0x1c0 c:/devkitPro/libctru/lib\libctru.a(utf8_to_utf16.o)
 .debug_info    0x0003935b       0xb7 c:/devkitPro/libctru/lib\libctru.a(readtp.o)